cargo :     Blocking waiting for file lock on build directory
At line:1 char:1
+ cargo check --tests -p qualia-core-db > compile_errors.txt 2>&1
+ ~~~~~~~~~~~~~~~~~~~~~~~~~~~~~~~~~~~~~~~~~~~~~~~~~~~~~~~~~~~~~~~
    + CategoryInfo          : NotSpecified: (    Blocking wa...build directory:String) [], RemoteException
    + FullyQualifiedErrorId : NativeCommandError
 
warning: qualia-core-db@0.0.5: Qualia-DB Compiling for Windows: DirectML Linking Configured (Awaiting SDK).
    Checking qualia-core-db v0.0.5 (C:\Projects\qualiaDB\crates\qualia-core-db)
warning: unused imports: `AtomicUsize` and `Ordering`
 --> crates\qualia-core-db\src\lib.rs:5:25
  |
5 | use std::sync::atomic::{AtomicUsize, Ordering};
  |                         ^^^^^^^^^^^  ^^^^^^^^
  |
  = note: `#[warn(unused_imports)]` (part of `#[warn(unused)]`) on by default

warning: unused import: `ZeroizeOnDrop`
 --> crates\qualia-core-db\src\lib.rs:6:24
  |
6 | use zeroize::{Zeroize, ZeroizeOnDrop};
  |                        ^^^^^^^^^^^^^

warning: unused import: `ErrorKind`
 --> crates\qualia-core-db\src\n3_parser.rs:1:31
  |
1 | use std::io::{BufRead, Error, ErrorKind};
  |                               ^^^^^^^^^

warning: unused import: `std::path::Path`
 --> crates\qualia-core-db\src\ingest.rs:5:5
  |
5 | use std::path::Path;
  |     ^^^^^^^^^^^^^^^

warning: unused import: `std::sync::Arc`
 --> crates\qualia-core-db\src\ingest.rs:9:5
  |
9 | use std::sync::Arc;
  |     ^^^^^^^^^^^^^^

warning: unused imports: `SeekFrom` and `Seek`
 --> crates\qualia-core-db\src\solid_ldp.rs:3:28
  |
3 | use std::io::{Write, Read, Seek, SeekFrom};
  |                            ^^^^  ^^^^^^^^

warning: unused import: `crate::QualiaQuin`
 --> crates\qualia-core-db\src\tee_ffi.rs:5:5
  |
5 | use crate::QualiaQuin;
  |     ^^^^^^^^^^^^^^^^^

warning: unused import: `crate::QualiaQuin`
 --> crates\qualia-core-db\src\ode_solver.rs:4:5
  |
4 | use crate::QualiaQuin;
  |     ^^^^^^^^^^^^^^^^^

warning: unused import: `crate::QualiaQuin`
 --> crates\qualia-core-db\src\thermodynamics.rs:4:5
  |
4 | use crate::QualiaQuin;
  |     ^^^^^^^^^^^^^^^^^

warning: unused import: `self`
 --> crates\qualia-core-db\src\mcp_server.rs:9:15
  |
9 | use std::io::{self, Write};
  |               ^^^^

warning: unused import: `rand::Rng`
 --> crates\qualia-core-db\src\economics.rs:1:5
  |
1 | use rand::Rng;
  |     ^^^^^^^^^

warning: unused import: `SuspendedTransaction`
   --> crates\qualia-core-db\src\webizen.rs:744:50
    |
744 |     use crate::crdt::{SuspendedTransactionQueue, SuspendedTransaction};
    |                                                  ^^^^^^^^^^^^^^^^^^^^

warning: unused import: `WebizenOpcode`
   --> crates\qualia-core-db\src\lib.rs:460:39
    |
460 |         use crate::logic::{WebizenVM, WebizenOpcode, WebizenCompiler};
    |                                       ^^^^^^^^^^^^^

warning: unused import: `BoundingHull`
   --> crates\qualia-core-db\src\lib.rs:507:49
    |
507 |         use crate::geometric::{VectorSectorMap, BoundingHull, extract_spatial_projection};
    |                                                 ^^^^^^^^^^^^

warning: the `#![no_std]` attribute can only be used at the crate root
 --> crates\qualia-core-db\src\mcp_server.rs:2:1
  |
2 | #![no_std]
  | ^^^^^^^^^^
  |
  = note: `#[warn(unused_attributes)]` (part of `#[warn(unused)]`) on by default

warning: unused import: `Write`
 --> crates\qualia-core-db\src\mcp_server.rs:9:21
  |
9 | use std::io::{self, Write};
  |                     ^^^^^

warning: unused variable: `file_path`
 --> crates\qualia-core-db\src\query_engine.rs:8:27
  |
8 | pub fn mmap_query_subject(file_path: &str, subject_id: u64) -> Result<Vec<QualiaQuin>, Box<dyn std::error::Error>> 
{
  |                           ^^^^^^^^^ help: if this is intentional, prefix it with an underscore: `_file_path`
  |
  = note: `#[warn(unused_variables)]` (part of `#[warn(unused)]`) on by default

warning: unused variable: `block_id`
  --> crates\qualia-core-db\src\query_engine.rs:48:13
   |
48 |         let block_id = u64::from_le_bytes(header[0..8].try_into().unwrap());
   |             ^^^^^^^^ help: if this is intentional, prefix it with an underscore: `_block_id`

warning: variable `local_count` is assigned to, but never used
  --> crates\qualia-core-db\src\ingest.rs:47:17
   |
47 |             let mut local_count = 0;
   |                 ^^^^^^^^^^^^^^^
   |
   = note: consider using `_local_count` instead

warning: value assigned to `local_count` is never read
  --> crates\qualia-core-db\src\ingest.rs:69:17
   |
69 |                 local_count += 1;
   |                 ^^^^^^^^^^^^^^^^
   |
   = help: maybe it is overwritten before being read?
   = note: `#[warn(unused_assignments)]` (part of `#[warn(unused)]`) on by default

warning: unused variable: `worker_id`
  --> crates\qualia-core-db\src\ingest.rs:42:9
   |
42 |     for worker_id in 0..target_workers {
   |         ^^^^^^^^^ help: if this is intentional, prefix it with an underscore: `_worker_id`

warning: unused variable: `trusted_group_hash`
   --> crates\qualia-core-db\src\daemon.rs:605:13
    |
605 |         let trusted_group_hash = [8u8, 7, 6, 5, 4, 3, 2, 1];
    |             ^^^^^^^^^^^^^^^^^^ help: if this is intentional, prefix it with an underscore: `_trusted_group_hash`

warning: unused variable: `project_id`
 --> crates\qualia-core-db\src\git_bridge.rs:5:36
  |
5 | pub fn generate_fast_export_stream(project_id: &str) -> String {
  |                                    ^^^^^^^^^^ help: if this is intentional, prefix it with an underscore: 
`_project_id`

warning: unused variable: `liability`
   --> crates\qualia-core-db\src\webizen.rs:300:21
    |
300 |                 let liability = schema.evaluate("Income", 100.0);
    |                     ^^^^^^^^^ help: if this is intentional, prefix it with an underscore: `_liability`

warning: unused variable: `frame`
   --> crates\qualia-core-db\src\webizen.rs:639:26
    |
639 | fn frame_quin_or_default(frame: &VmFrame) -> &'static crate::QualiaQuin {
    |                          ^^^^^ help: if this is intentional, prefix it with an underscore: `_frame`

warning: unused variable: `metric_name`
  --> crates\qualia-core-db\src\telemetry.rs:40:32
   |
40 | pub fn log_federated_telemetry(metric_name: &str, value: f64) -> bool {
   |                                ^^^^^^^^^^^ help: if this is intentional, prefix it with an underscore: 
`_metric_name`

warning: unused variable: `value`
  --> crates\qualia-core-db\src\telemetry.rs:40:51
   |
40 | pub fn log_federated_telemetry(metric_name: &str, value: f64) -> bool {
   |                                                   ^^^^^ help: if this is intentional, prefix it with an 
underscore: `_value`

warning: unused variable: `prompt`
   --> crates\qualia-core-db\src\llm_agent.rs:189:33
    |
189 |     fn infer_local_model(&self, prompt: &str, graph_context: &str) -> (String, Vec<u64>) {
    |                                 ^^^^^^ help: if this is intentional, prefix it with an underscore: `_prompt`

warning: unused variable: `adj`
   --> crates\qualia-core-db\src\organic_chemistry.rs:504:28
    |
504 | fn is_sp2_carbon(a: &Atom, adj: &[Vec<usize>], mol: &Molecule) -> bool {
    |                            ^^^ help: if this is intentional, prefix it with an underscore: `_adj`

warning: variable does not need to be mutable
   --> crates\qualia-core-db\src\organic_chemistry.rs:513:9
    |
513 |     let mut ring_bonds = bonds.iter().filter(|b| b.in_ring && b.order == BondOrder::Aromatic).count();
    |         ----^^^^^^^^^^
    |         |
    |         help: remove this `mut`
    |
    = note: `#[warn(unused_mut)]` (part of `#[warn(unused)]`) on by default

warning: unused variable: `atoms`
   --> crates\qualia-core-db\src\organic_chemistry.rs:511:25
    |
511 | fn count_aromatic_rings(atoms: &[Atom], bonds: &[Bond]) -> u32 {
    |                         ^^^^^ help: if this is intentional, prefix it with an underscore: `_atoms`

warning: unreachable pattern
   --> crates\qualia-core-db\src\organic_chemistry.rs:839:13
    |
795 |             "N" => {
    |             --- matches all the relevant values
...
839 |             "N" if !atom.is_aromatic => {
    |             ^^^ no value can reach this
    |
    = note: `#[warn(unreachable_patterns)]` (part of `#[warn(unused)]`) on by default

warning: unused variable: `has_double_N`
   --> crates\qualia-core-db\src\organic_chemistry.rs:772:13
    |
772 |         let has_double_N = || mol.bonds.iter().any(|b| {
    |             ^^^^^^^^^^^^ help: if this is intentional, prefix it with an underscore: `_has_double_N`

warning: variable `has_double_O` should have a snake case name
   --> crates\qualia-core-db\src\organic_chemistry.rs:766:13
    |
766 |         let has_double_O = || mol.bonds.iter().any(|b| {
    |             ^^^^^^^^^^^^ help: convert the identifier to snake case (notice the capitalization): `has_double_o`
    |
    = note: `#[warn(non_snake_case)]` (part of `#[warn(nonstandard_style)]`) on by default

warning: variable `has_double_N` should have a snake case name
   --> crates\qualia-core-db\src\organic_chemistry.rs:772:13
    |
772 |         let has_double_N = || mol.bonds.iter().any(|b| {
    |             ^^^^^^^^^^^^ help: convert the identifier to snake case: `has_double_n`

warning: variable `has_triple_N` should have a snake case name
   --> crates\qualia-core-db\src\organic_chemistry.rs:778:13
    |
778 |         let has_triple_N = || mol.bonds.iter().any(|b| {
    |             ^^^^^^^^^^^^ help: convert the identifier to snake case: `has_triple_n`

warning: `qualia-core-db` (lib) generated 33 warnings (run `cargo fix --lib -p qualia-core-db` to apply 25 suggestions)
warning: unused variable: `db`
  --> crates\qualia-core-db\tests\vm_safety_tests.rs:63:9
   |
63 |     let db = [
   |         ^^ help: if this is intentional, prefix it with an underscore: `_db`
   |
   = note: `#[warn(unused_variables)]` (part of `#[warn(unused)]`) on by default

warning: `qualia-core-db` (test "vm_safety_tests") generated 1 warning (run `cargo fix --test "vm_safety_tests" -p 
qualia-core-db` to apply 1 suggestion)
warning: function `paracetamol` is never used
    --> crates\qualia-core-db\src\organic_chemistry.rs:1089:8
     |
1089 |     fn paracetamol() -> Molecule { parse_smiles("CC(=O)Nc1ccc(O)cc1") }
     |        ^^^^^^^^^^^
     |
     = note: `#[warn(dead_code)]` (part of `#[warn(unused)]`) on by default

warning: function `methane` is never used
    --> crates\qualia-core-db\src\organic_chemistry.rs:1092:8
     |
1092 |     fn methane() -> Molecule { parse_smiles("C") }
     |        ^^^^^^^

warning: `qualia-core-db` (lib test) generated 38 warnings (33 duplicates) (run `cargo fix --lib -p qualia-core-db 
--tests` to apply 3 suggestions)
    Finished `dev` profile [unoptimized + debuginfo] target(s) in 6.90s
