start model=C:\LLM_Models\P64\smollm2-360m-instruct-q8_0.p64 tokens=8 budget_s=180
ollama_probe skipped or failed
search_space_size=36
generation=1 queue=36 elapsed_s=0
trial gen=1 label=r1_c1_k1_portable_auto tok_s=Some(23.96064703331249) wall_ms=2185
NEW_BEST tok_s=Some(23.96064703331249) label=r1_c1_k1_portable_auto
trial gen=1 label=r1_c1_k1_portable_vulkan tok_s=Some(23.373121202780816) wall_ms=1329
trial gen=1 label=r1_c1_k1_portable_dx12 tok_s=Some(23.857878617078068) wall_ms=1292
trial gen=1 label=r1_c1_k1_fast-verify_auto tok_s=Some(62.98300088806031) wall_ms=846
NEW_BEST tok_s=Some(62.98300088806031) label=r1_c1_k1_fast-verify_auto
trial gen=1 label=r1_c1_k1_fast-verify_vulkan tok_s=Some(62.98305047382936) wall_ms=853
trial gen=1 label=r1_c1_k1_fast-verify_dx12 tok_s=Some(62.928949283199934) wall_ms=855
trial gen=1 label=r1_c1_k1_cuda_auto tok_s=Some(21.384999134826423) wall_ms=29935
trial gen=1 label=r1_c1_k0_portable_auto tok_s=Some(21.46283633176283) wall_ms=25457
trial gen=1 label=r1_c1_k0_portable_vulkan tok_s=Some(21.73244848197871) wall_ms=25299
trial gen=1 label=r1_c1_k0_portable_dx12 tok_s=Some(21.67080868338807) wall_ms=25614
trial gen=1 label=r1_c1_k0_fast-verify_auto tok_s=Some(21.626407194835345) wall_ms=25467
trial gen=1 label=r1_c1_k0_fast-verify_vulkan tok_s=Some(21.86251496141142) wall_ms=25263
trial gen=1 label=r1_c1_k0_fast-verify_dx12 tok_s=Some(21.639141284489284) wall_ms=25434
budget_exhausted mid-generation
generation_end best=62.9830 plateau_gens=0
done
LOCK-IN SUMMARY
  out_dir:     experiments/inference-lab/lockin-ta1
  trials:      13
  generations: 1
  elapsed_s:   189.8
  best_tok_s:  Some(62.98300088806031)
  best_label:  r1_c1_k1_fast-verify_auto
  ollama_tok_s:None
  a_gap:       None

