===== START 02-wasm-check-portal  2026-09-08T11:36:08Z =====
CMD: cargo check --target wasm32-unknown-unknown -p qualia-core-db --no-default-features --features portal
warning: profiles for the non root package will be ignored, specify profiles at the workspace root:
package:   /workspace/crates/vibe-wasm/Cargo.toml
workspace: /workspace/Cargo.toml
warning: profiles for the non root package will be ignored, specify profiles at the workspace root:
package:   /workspace/crates/poet/Cargo.toml
workspace: /workspace/Cargo.toml
 Downloading crates ...
  Downloaded console_error_panic_hook v0.1.7
  Downloaded slotmap v1.1.1
  Downloaded wasm-bindgen-futures v0.4.75
  Downloaded webpki-root-certs v1.0.9
  Downloaded web-sys v0.3.102
   Compiling proc-macro2 v1.0.107
   Compiling unicode-ident v1.0.24
   Compiling quote v1.0.47
    Checking cfg-if v1.0.4
    Checking typenum v1.20.1
   Compiling wasm-bindgen-shared v0.2.125
   Compiling rustversion v1.0.23
    Checking once_cell v1.21.4
   Compiling bumpalo v3.20.3
   Compiling syn v2.0.119
    Checking futures-core v0.3.33
   Compiling syn v3.0.3
    Checking hybrid-array v0.4.13
   Compiling wasm-bindgen v0.2.125
    Checking pin-project-lite v0.2.17
    Checking futures-task v0.3.33
    Checking slab v0.4.12
   Compiling version_check v0.9.5
    Checking futures-util v0.3.33
   Compiling generic-array v0.14.7
    Checking crypto-common v0.2.2
   Compiling zerocopy v0.8.55
    Checking block-buffer v0.10.4
    Checking crypto-common v0.1.7
    Checking digest v0.10.7
    Checking block-buffer v0.12.1
   Compiling thiserror v2.0.19
    Checking memchr v2.8.3
    Checking cmov v0.5.4
   Compiling getrandom v0.3.4
    Checking ctutils v0.4.2
    Checking sha2 v0.10.9
    Checking stable_deref_trait v1.2.1
    Checking oxiri v0.2.11
   Compiling serde_core v1.0.229
    Checking oxilangtag v0.1.6
   Compiling autocfg v1.5.1
   Compiling wasm-bindgen-macro-support v0.2.125
   Compiling synstructure v0.13.2
   Compiling libm v0.2.16
   Compiling thiserror-impl v2.0.19
   Compiling zerocopy-derive v0.8.55
   Compiling zerofrom-derive v0.1.7
   Compiling yoke-derive v0.8.2
   Compiling zerovec-derive v0.11.3
    Checking zerofrom v0.1.8
    Checking yoke v0.8.3
   Compiling wasm-bindgen-macro v0.2.125
   Compiling num-traits v0.2.19
    Checking smallvec v1.15.2
    Checking hex v0.4.3
   Compiling displaydoc v0.2.6
    Checking zerovec v0.11.6
    Checking js-sys v0.3.102
    Checking rand_core v0.9.5
    Checking const-oid v0.10.2
    Checking digest v0.11.3
    Checking inout v0.2.2
   Compiling serde v1.0.229
    Checking tinystr v0.8.3
   Compiling serde_derive v1.0.229
   Compiling peg-runtime v0.8.6
    Checking ppv-lite86 v0.2.21
    Checking litemap v0.8.2
    Checking rand_chacha v0.9.0
    Checking writeable v0.6.3
    Checking rand v0.9.5
    Checking foldhash v0.2.0
   Compiling parking_lot_core v0.9.12
    Checking scopeguard v1.2.0
    Checking lock_api v0.4.14
    Checking hashbrown v0.17.1
    Checking icu_locale_core v2.2.0
   Compiling peg-macros v0.8.6
    Checking cipher v0.5.2
    Checking potential_utf v0.1.5
    Checking zerotrie v0.2.4
   Compiling zeroize_derive v1.5.0
    Checking quick-xml v0.37.5
   Compiling crossbeam-utils v0.8.22
    Checking json-event-parser v0.2.3
    Checking utf8_iter v1.0.4
    Checking equivalent v1.0.2
   Compiling icu_normalizer_data v2.2.0
   Compiling icu_properties_data v2.2.0
    Checking itoa v1.0.18
    Checking peg v0.8.6
    Checking icu_collections v2.2.0
    Checking indexmap v2.14.0
    Checking zeroize v1.9.0
    Checking icu_provider v2.2.0
    Checking aho-corasick v1.1.4
   Compiling cfg_aliases v0.2.2
    Checking rand_core v0.10.1
    Checking regex-syntax v0.8.11
   Compiling semver v1.0.28
   Compiling zmij v1.0.23
   Compiling rustc_version v0.4.1
    Checking universal-hash v0.6.1
   Compiling serde_json v1.0.151
    Checking ryu-js v1.0.3
    Checking subtle v2.6.1
    Checking icu_properties v2.2.0
    Checking icu_normalizer v2.2.0
    Checking regex-automata v0.4.16
   Compiling curve25519-dalek v5.0.0
    Checking half v2.7.1
   Compiling bytemuck_derive v1.11.0
    Checking sha1 v0.10.7
    Checking md-5 v0.10.6
   Compiling find-msvc-tools v0.1.9
    Checking simd-adler32 v0.3.10
   Compiling getrandom v0.4.3
    Checking bitflags v2.13.1
   Compiling shlex v2.0.1
    Checking keccak v0.1.6
   Compiling rio_api v0.8.6
    Checking regex v1.13.1
    Checking rustc-hash v2.1.3
    Checking rustc-hash v1.1.0
   Compiling libc v0.2.189
    Checking foldhash v0.1.5
   Compiling crc32fast v1.5.0
    Checking ryu v1.0.23
    Checking hashbrown v0.14.5
    Checking cpubits v0.1.1
    Checking bytemuck v1.25.2
    Checking hashbrown v0.15.5
    Checking naga-types v30.0.0
    Checking sha3 v0.10.9
    Checking oxsdatatypes v0.2.2
    Checking getrandom v0.2.17
    Checking dashmap v6.2.1
    Checking web-sys v0.3.102
    Checking rand_core v0.6.4
   Compiling cc v1.3.0
    Checking oxrdf v0.3.3
    Checking idna_adapter v1.2.2
    Checking spargebra v0.4.6
    Checking oxrdfxml v0.2.3
    Checking sparesults v0.3.3
    Checking oxttl v0.2.3
    Checking oxjsonld v0.2.5
    Checking chacha20 v0.10.1
   Compiling naga v30.0.0
    Checking sparopt v0.3.6
    Checking oxrdfio v0.2.5
    Checking sha2 v0.11.0
    Checking csv-core v0.1.13
    Checking spareval v0.2.6
    Checking fixedbitset v0.5.7
    Checking log v0.4.33
    Checking adler2 v2.0.1
    Checking termcolor v1.4.1
    Checking percent-encoding v2.3.2
    Checking unicode-width v0.2.2
    Checking siphasher v1.0.3
    Checking arrayvec v0.7.8
    Checking bit-vec v0.9.1
    Checking codespan-reporting v0.13.1
    Checking bit-set v0.10.0
    Checking form_urlencoded v1.2.2
    Checking miniz_oxide v0.8.9
    Checking petgraph v0.8.3
    Checking csv v1.4.0
    Checking oxigraph v0.5.9
   Compiling blake3 v1.8.5
    Checking idna v1.1.0
    Checking serde-wasm-bindgen v0.6.5
    Checking wasm-bindgen-futures v0.4.75
    Checking chrono v0.4.45
    Checking polyval v0.7.3
    Checking spirv v0.4.0+sdk-1.4.341.0
   Compiling wgpu v30.0.0
    Checking aead v0.6.1
    Checking uuid v1.24.0
    Checking signature v3.0.0
   Compiling rio_turtle v0.8.6
    Checking bytes v1.12.1
    Checking raw-window-handle v0.6.2
   Compiling litrs v1.0.0
    Checking ciborium-io v0.2.2
   Compiling rio_xml v0.8.6
    Checking static_assertions v1.1.0
    Checking http v1.4.2
    Checking ciborium-ll v0.2.2
   Compiling document-features v0.2.12
    Checking wellfare-core v0.0.37 (/workspace/crates/wellfare-core)
    Checking ed25519 v3.0.0
    Checking ghash v0.6.0
    Checking flate2 v1.1.9
    Checking num_cpus v1.17.0
    Checking url v2.5.8
    Checking rand v0.10.2
    Checking aes v0.9.1
    Checking fdeflate v0.3.7
    Checking poly1305 v0.9.1
    Checking parking_lot v0.12.5
    Checking ctr v0.10.1
    Checking hmac v0.13.0
    Checking quick-xml v0.36.2
    Checking sync_wrapper v1.0.2
    Checking keccak v0.2.0
    Checking fastrand v2.5.0
    Checking sponge-cursor v0.1.0
   Compiling qualia-core-db v0.0.37 (/workspace/crates/qualia-core-db)
    Checking profiling v1.0.18
    Checking bitflags v1.3.2
    Checking twox-hash v2.1.3
    Checking arrayref v0.3.9
    Checking unicode-xid v0.2.6
    Checking unsafe-libyaml v0.2.11
    Checking base64 v0.22.1
    Checking constant_time_eq v0.4.2
    Checking serde_yaml v0.9.34+deprecated
    Checking vibe v0.0.37 (/workspace/crates/vibe)
    Checking lz4_flex v0.13.1
    Checking png v0.17.16
    Checking qualia-cooperative-core v0.0.37 (/workspace/crates/qualia-cooperative-core)
    Checking sha3 v0.12.0
    Checking tempfile v3.27.0
    Checking hkdf v0.13.0
    Checking aes-gcm v0.11.0
    Checking chacha20poly1305 v0.11.0
    Checking rand_distr v0.6.0
    Checking core_affinity v0.8.3
    Checking ed25519-dalek v3.0.0
    Checking ciborium v0.2.2
    Checking x25519-dalek v3.0.0
    Checking fips205 v0.4.1
    Checking fips203 v0.4.3
    Checking fips204 v0.4.6
    Checking crossbeam-channel v0.5.16
    Checking futures-intrusive v0.5.0
    Checking atoi v3.1.0
    Checking sha1 v0.11.0
    Checking console_error_panic_hook v0.1.7
    Checking serde_bytes v0.11.19
   Compiling async-trait v0.1.91
    Checking quick-xml v0.41.0
    Checking futures-channel v0.3.33
    Checking qualia-inference-kernel v0.0.37 (/workspace/crates/qualia-inference-kernel)
    Checking pollster v1.0.1
    Checking rtrb v0.3.4
    Checking fast_qr v0.13.1
    Checking minicbor v2.2.3
    Checking urlencoding v2.1.3
    Checking wgpu-types v30.0.0
    Checking reqwest v0.13.4
error[E0425]: cannot find function `dft_complex` in module `math`
   --> crates/qualia-core-db/src/poet_host/invoke/mod.rs:195:41
    |
195 |         ids::XFORM_DFT_COMPLEX => math::dft_complex(args, span),
    |                                         ^^^^^^^^^^^ not found in `math`
    |
note: found an item that was configured out
   --> crates/qualia-core-db/src/poet_host/invoke/math/mod.rs:182:27
    |
181 | #[cfg(any(not(target_arch = "wasm32"), feature = "wasm-scientific"))]
    |          ---------------------------------------------------------- the item is gated here
182 | pub use transforms::{dft, dft_complex};
    |                           ^^^^^^^^^^^

error[E0425]: cannot find function `calc_hermite_dense_output` in module `math`
   --> crates/qualia-core-db/src/poet_host/invoke/mod.rs:222:49
    |
222 | ...T => math::calc_hermite_dense_output(args, span),
    |               ^^^^^^^^^^^^^^^^^^^^^^^^^ not found in `math`
    |
note: found an item that was configured out
   --> crates/qualia-core-db/src/poet_host/invoke/math/mod.rs:104:34
    |
101 | #[cfg(any(not(target_arch = "wasm32"), feature = "wasm-scientific"))]
    |          ---------------------------------------------------------- the item is gated here
...
104 |     hermite_dense_output_host as calc_hermite_dense_output,
    |                                  ^^^^^^^^^^^^^^^^^^^^^^^^^

error[E0425]: cannot find function `calc_bdf1_step` in module `math`
   --> crates/qualia-core-db/src/poet_host/invoke/mod.rs:223:38
    |
223 |         ids::CALC_BDF1_STEP => math::calc_bdf1_step(args, span),
    |                                      ^^^^^^^^^^^^^^ not found in `math`
    |
note: found an item that was configured out
   --> crates/qualia-core-db/src/poet_host/invoke/math/mod.rs:103:23
    |
101 | #[cfg(any(not(target_arch = "wasm32"), feature = "wasm-scientific"))]
    |          ---------------------------------------------------------- the item is gated here
102 | pub use wave14_host::{
103 |     bdf1_step_host as calc_bdf1_step, bdf2_step_host as calc_bdf2_step,
    |                       ^^^^^^^^^^^^^^

error[E0425]: cannot find function `calc_bdf2_step` in module `math`
   --> crates/qualia-core-db/src/poet_host/invoke/mod.rs:224:38
    |
224 |         ids::CALC_BDF2_STEP => math::calc_bdf2_step(args, span),
    |                                      ^^^^^^^^^^^^^^ not found in `math`
    |
note: found an item that was configured out
   --> crates/qualia-core-db/src/poet_host/invoke/math/mod.rs:103:57
    |
101 | #[cfg(any(not(target_arch = "wasm32"), feature = "wasm-scientific"))]
    |          ---------------------------------------------------------- the item is gated here
102 | pub use wave14_host::{
103 |     bdf1_step_host as calc_bdf1_step, bdf2_step_host as calc_bdf2_step,
    |                                                         ^^^^^^^^^^^^^^

error[E0425]: cannot find function `calc_invariant_drift` in module `math`
   --> crates/qualia-core-db/src/poet_host/invoke/mod.rs:225:44
    |
225 | ...RIFT => math::calc_invariant_drift(args, span),
    |                  ^^^^^^^^^^^^^^^^^^^^ not found in `math`
    |
note: found an item that was configured out
   --> crates/qualia-core-db/src/poet_host/invoke/math/mod.rs:105:29
    |
101 | ...any(not(target_arch = "wasm32"), feature = "wasm-scientific"))]
    |       ---------------------------------------------------------- the item is gated here
...
105 | ...variant_drift_host as calc_invariant_drift, pack_f32_pair_host as ca...
    |                          ^^^^^^^^^^^^^^^^^^^^

error[E0425]: cannot find function `calc_permutation_parity` in module `math`
   --> crates/qualia-core-db/src/poet_host/invoke/mod.rs:226:47
    |
226 | ...TY => math::calc_permutation_parity(args, span),
    |                ^^^^^^^^^^^^^^^^^^^^^^^ not found in `math`
    |
note: found an item that was configured out
   --> crates/qualia-core-db/src/poet_host/invoke/math/mod.rs:106:32
    |
101 | ...any(not(target_arch = "wasm32"), feature = "wasm-scientific"))]
    |       ---------------------------------------------------------- the item is gated here
...
106 | ...rmutation_parity_host as calc_permutation_parity, top_k_host as grap...
    |                             ^^^^^^^^^^^^^^^^^^^^^^^

error[E0425]: cannot find function `calc_pack_f32_pair` in module `math`
   --> crates/qualia-core-db/src/poet_host/invoke/mod.rs:227:42
    |
227 |         ids::CALC_PACK_F32_PAIR => math::calc_pack_f32_pair(args, span),
    |                                          ^^^^^^^^^^^^^^^^^^ not found in `math`
    |
note: found an item that was configured out
   --> crates/qualia-core-db/src/poet_host/invoke/math/mod.rs:105:73
    |
101 | ...any(not(target_arch = "wasm32"), feature = "wasm-scientific"))]
    |       ---------------------------------------------------------- the item is gated here
...
105 | ...variant_drift_host as calc_invariant_drift, pack_f32_pair_host as calc_pack_f32_pair,
    |                                                                      ^^^^^^^^^^^^^^^^^^

error[E0425]: cannot find function `calc_unpack_f32_pair` in module `math`
   --> crates/qualia-core-db/src/poet_host/invoke/mod.rs:228:44
    |
228 | ...PAIR => math::calc_unpack_f32_pair(args, span),
    |                  ^^^^^^^^^^^^^^^^^^^^ not found in `math`
    |
note: found an item that was configured out
   --> crates/qualia-core-db/src/poet_host/invoke/math/mod.rs:107:29
    |
101 | #[cfg(any(not(target_arch = "wasm32"), feature = "wasm-scientific"))]
    |          ---------------------------------------------------------- the item is gated here
...
107 |     unpack_f32_pair_host as calc_unpack_f32_pair,
    |                             ^^^^^^^^^^^^^^^^^^^^

error[E0425]: cannot find function `graph_top_k` in module `math`
   --> crates/qualia-core-db/src/poet_host/invoke/mod.rs:229:35
    |
229 |         ids::GRAPH_TOP_K => math::graph_top_k(args, span),
    |                                   ^^^^^^^^^^^ not found in `math`
    |
note: found an item that was configured out
   --> crates/qualia-core-db/src/poet_host/invoke/math/mod.rs:106:71
    |
101 | ...any(not(target_arch = "wasm32"), feature = "wasm-scientific"))]
    |       ---------------------------------------------------------- the item is gated here
...
106 | ...rmutation_parity_host as calc_permutation_parity, top_k_host as graph_top_k,
    |                                                                    ^^^^^^^^^^^

error[E0425]: cannot find function `calc_verlet_step` in module `math`
   --> crates/qualia-core-db/src/poet_host/invoke/mod.rs:230:40
    |
230 |         ids::CALC_VERLET_STEP => math::calc_verlet_step(args, span),
    |                                        ^^^^^^^^^^^^^^^^ not found in `math`
    |
note: found an item that was configured out
   --> crates/qualia-core-db/src/poet_host/invoke/math/mod.rs:113:61
    |
109 | ...any(not(target_arch = "wasm32"), feature = "wasm-scientific"))]
    |       ---------------------------------------------------------- the item is gated here
...
113 | ...th3_step_host as calc_ruth3_step, verlet_step_host as calc_verlet_step,
    |                                                          ^^^^^^^^^^^^^^^^

error[E0425]: cannot find function `calc_ruth3_step` in module `math`
   --> crates/qualia-core-db/src/poet_host/invoke/mod.rs:231:39
    |
231 |         ids::CALC_RUTH3_STEP => math::calc_ruth3_step(args, span),
    |                                       ^^^^^^^^^^^^^^^ not found in `math`
    |
note: found an item that was configured out
   --> crates/qualia-core-db/src/poet_host/invoke/math/mod.rs:113:24
    |
109 | ...any(not(target_arch = "wasm32"), feature = "wasm-scientific"))]
    |       ---------------------------------------------------------- the item is gated here
...
113 | ...th3_step_host as calc_ruth3_step, verlet_step_host as calc_verlet_step,
    |                     ^^^^^^^^^^^^^^^

error[E0425]: cannot find function `calc_yoshida4_step` in module `math`
   --> crates/qualia-core-db/src/poet_host/invoke/mod.rs:232:42
    |
232 |         ids::CALC_YOSHIDA4_STEP => math::calc_yoshida4_step(args, span),
    |                                          ^^^^^^^^^^^^^^^^^^ not found in `math`
    |
note: found an item that was configured out
   --> crates/qualia-core-db/src/poet_host/invoke/math/mod.rs:114:27
    |
109 | #[cfg(any(not(target_arch = "wasm32"), feature = "wasm-scientific"))]
    |          ---------------------------------------------------------- the item is gated here
...
114 |     yoshida4_step_host as calc_yoshida4_step,
    |                           ^^^^^^^^^^^^^^^^^^

error[E0425]: cannot find function `calc_integrate_bdf` in module `math`
   --> crates/qualia-core-db/src/poet_host/invoke/mod.rs:233:42
    |
233 |           ids::CALC_INTEGRATE_BDF => math::calc_integrate_bdf(args, span),
    |                                            ^^^^^^^^^^^^^^^^^^
    |
   ::: crates/qualia-core-db/src/poet_host/invoke/math/mod.rs:748:1
    |
748 | / pub fn cas_integrate(
749 | |     _args: &vibe::Value,
750 | |     span: vibe::Span,
751 | | ) -> Result<vibe::Value, vibe::Diagnostic> {
752 | |     missing(span, "SymbolicAlgebra")
753 | | }
    | |_- similarly named function `cas_integrate` defined here
    |
note: found an item that was configured out
   --> crates/qualia-core-db/src/poet_host/invoke/math/mod.rs:111:27
    |
109 | #[cfg(any(not(target_arch = "wasm32"), feature = "wasm-scientific"))]
    |          ---------------------------------------------------------- the item is gated here
110 | pub use wave15_host::{
111 |     integrate_bdf_host as calc_integrate_bdf,
    |                           ^^^^^^^^^^^^^^^^^^
help: a function with a similar name exists
    |
233 -         ids::CALC_INTEGRATE_BDF => math::calc_integrate_bdf(args, span),
233 +         ids::CALC_INTEGRATE_BDF => math::cas_integrate(args, span),
    |

error[E0425]: cannot find function `calc_integrate_with_sensitivity` in module `math`
   --> crates/qualia-core-db/src/poet_host/invoke/mod.rs:234:55
    |
234 | ...> math::calc_integrate_with_sensitivity(args, span),
    |            ^^^^^^^^^^^^^^^^^^^^^^^^^^^^^^^ not found in `math`
    |
note: found an item that was configured out
   --> crates/qualia-core-db/src/poet_host/invoke/math/mod.rs:112:40
    |
109 | #[cfg(any(not(target_arch = "wasm32"), feature = "wasm-scientific"))]
    |          ---------------------------------------------------------- the item is gated here
...
112 |     integrate_with_sensitivity_host as calc_integrate_with_sensitivity,
    |                                        ^^^^^^^^^^^^^^^^^^^^^^^^^^^^^^^

error[E0425]: cannot find function `calc_canonical_poisson_bracket` in module `math`
   --> crates/qualia-core-db/src/poet_host/invoke/mod.rs:235:54
    |
235 | ...=> math::calc_canonical_poisson_bracket(args, span),
    |             ^^^^^^^^^^^^^^^^^^^^^^^^^^^^^^ not found in `math`
    |
note: found an item that was configured out
   --> crates/qualia-core-db/src/poet_host/invoke/math/mod.rs:119:39
    |
116 | #[cfg(any(not(target_arch = "wasm32"), feature = "wasm-scientific"))]
    |          ---------------------------------------------------------- the item is gated here
...
119 |     canonical_poisson_bracket_host as calc_canonical_poisson_bracket,
    |                                       ^^^^^^^^^^^^^^^^^^^^^^^^^^^^^^

error[E0425]: cannot find function `calc_stormer_verlet_step` in module `math`
   --> crates/qualia-core-db/src/poet_host/invoke/mod.rs:236:48
    |
236 | ...EP => math::calc_stormer_verlet_step(args, span),
    |                ^^^^^^^^^^^^^^^^^^^^^^^^ not found in `math`
    |
note: found an item that was configured out
   --> crates/qualia-core-db/src/poet_host/invoke/math/mod.rs:120:55
    |
116 | ...any(not(target_arch = "wasm32"), feature = "wasm-scientific"))]
    |       ---------------------------------------------------------- the item is gated here
...
120 | ...p_host as calc_jvp, stormer_verlet_step_host as calc_stormer_verlet_step,
    |                                                    ^^^^^^^^^^^^^^^^^^^^^^^^

error[E0425]: cannot find function `calc_adaptive_gauss_kronrod_15` in module `math`
   --> crates/qualia-core-db/src/poet_host/invoke/mod.rs:237:54
    |
237 | ...=> math::calc_adaptive_gauss_kronrod_15(args, span),
    |             ^^^^^^^^^^^^^^^^^^^^^^^^^^^^^^ not found in `math`
    |
note: found an item that was configured out
   --> crates/qualia-core-db/src/poet_host/invoke/math/mod.rs:118:39
    |
116 | #[cfg(any(not(target_arch = "wasm32"), feature = "wasm-scientific"))]
    |          ---------------------------------------------------------- the item is gated here
117 | pub use wave18_host::{
118 |     adaptive_gauss_kronrod_15_host as calc_adaptive_gauss_kronrod_15,
    |                                       ^^^^^^^^^^^^^^^^^^^^^^^^^^^^^^

error[E0425]: cannot find function `calc_jvp` in module `math`
   --> crates/qualia-core-db/src/poet_host/invoke/mod.rs:238:32
    |
238 |         ids::CALC_JVP => math::calc_jvp(args, span),
    |                                ^^^^^^^^ not found in `math`
    |
note: found an item that was configured out
   --> crates/qualia-core-db/src/poet_host/invoke/math/mod.rs:120:17
    |
116 | ...any(not(target_arch = "wasm32"), feature = "wasm-scientific"))]
    |       ---------------------------------------------------------- the item is gated here
...
120 | ...p_host as calc_jvp, stormer_verlet_step_host as calc_stormer_verlet_...
    |              ^^^^^^^^

error[E0425]: cannot find function `calc_vjp` in module `math`
   --> crates/qualia-core-db/src/poet_host/invoke/mod.rs:239:32
    |
239 |         ids::CALC_VJP => math::calc_vjp(args, span),
    |                                ^^^^^^^^ not found in `math`
    |
note: found an item that was configured out
   --> crates/qualia-core-db/src/poet_host/invoke/math/mod.rs:121:17
    |
116 | #[cfg(any(not(target_arch = "wasm32"), feature = "wasm-scientific"))]
    |          ---------------------------------------------------------- the item is gated here
...
121 |     vjp_host as calc_vjp,
    |                 ^^^^^^^^

error[E0425]: cannot find function `poly_coeffs` in module `math`
   --> crates/qualia-core-db/src/poet_host/invoke/mod.rs:255:35
    |
255 |         ids::POLY_COEFFS => math::poly_coeffs(args, span),
    |                                   ^^^^^^^^^^^ not found in `math`
    |
note: found an item that was configured out
   --> crates/qualia-core-db/src/poet_host/invoke/math/mod.rs:90:32
    |
 88 | ...any(not(target_arch = "wasm32"), feature = "wasm-scientific"))]
    |       ---------------------------------------------------------- the item is gated here
 89 | ...e poly_algebra::{
 90 | ...d as poly_add, coeffs as poly_coeffs, constant as poly_constant, deg...
    |                             ^^^^^^^^^^^

warning: unused import: `decrement_hop`
 --> crates/qualia-core-db/src/net/qdnf/route/overlap.rs:5:25
  |
5 | use super::forwarding::{decrement_hop, ForwardingGeneration};
  |                         ^^^^^^^^^^^^^
  |
  = note: `#[warn(unused_imports)]` (part of `#[warn(unused)]`) on by default

warning: unused imports: `LinkMetric` and `compute_spf`
 --> crates/qualia-core-db/src/net/qdnf/route/overlap.rs:6:18
  |
6 | use super::spf::{compute_spf, LinkMetric, SpfTable};
  |                  ^^^^^^^^^^^  ^^^^^^^^^^

warning: unused import: `super::super::args`
  --> crates/qualia-core-db/src/poet_host/invoke/graph/volume.rs:10:5
   |
10 | use super::super::args;
   |     ^^^^^^^^^^^^^^^^^^

warning: unused import: `super::super::args`
 --> crates/qualia-core-db/src/poet_host/invoke/graph/lexicon.rs:7:5
  |
7 | use super::super::args;
  |     ^^^^^^^^^^^^^^^^^^

warning: unused import: `VisionComputeDevice`
  --> crates/qualia-core-db/src/specialized_libs/computer_vision/gpu/forge_bicubic.rs:15:68
   |
15 | ...on::{types::VisionError, VisionComputeDevice};
   |                             ^^^^^^^^^^^^^^^^^^^

warning: unused import: `VisionComputeDevice`
  --> crates/qualia-core-db/src/specialized_libs/computer_vision/gpu/forge_resize.rs:15:68
   |
15 | ...on::{types::VisionError, VisionComputeDevice};
   |                             ^^^^^^^^^^^^^^^^^^^

For more information about this error, try `rustc --explain E0425`.
warning: `qualia-core-db` (lib) generated 6 warnings
error: could not compile `qualia-core-db` (lib) due to 20 previous errors; 6 warnings emitted
===== END 02-wasm-check-portal  rc=101  elapsed=39s  2026-09-08T11:36:47Z =====
errors=21 warnings=6 unique_diagnostic_lines=28
