===== START 03-wasm-check-lite  2026-09-08T11:36:47Z =====
CMD: cargo check --target wasm32-unknown-unknown -p webizen-lite-wasm
warning: profiles for the non root package will be ignored, specify profiles at the workspace root:
package:   /workspace/crates/vibe-wasm/Cargo.toml
workspace: /workspace/Cargo.toml
warning: profiles for the non root package will be ignored, specify profiles at the workspace root:
package:   /workspace/crates/poet/Cargo.toml
workspace: /workspace/Cargo.toml
 Downloading crates ...
  Downloaded if-addrs v0.15.0
    Checking half v2.7.1
    Checking hashbrown v0.17.1
    Checking bytemuck v1.25.2
    Checking web-sys v0.3.102
   Compiling qualia-core-db v0.0.37 (/workspace/crates/qualia-core-db)
    Checking ciborium-ll v0.2.2
    Checking vibe v0.0.37 (/workspace/crates/vibe)
    Checking ciborium v0.2.2
    Checking indexmap v2.14.0
    Checking serde_yaml v0.9.34+deprecated
    Checking reqwest v0.13.4
error[E0432]: unresolved import `crate::governance::coordination`
  --> crates/qualia-core-db/src/governance/coord_seams.rs:18:24
   |
18 | use crate::governance::coordination::{perf_vc_hash, CoordHostSeams};
   |                        ^^^^^^^^^^^^ could not find `coordination` in `governance`
   |
note: found an item that was configured out
  --> crates/qualia-core-db/src/governance/mod.rs:20:9
   |
14 |   #[cfg(any(
   |  __________-
15 | |     not(target_arch = "wasm32"),
16 | |     feature = "wasm-logic",
17 | |     feature = "wasm-scientific",
18 | |     feature = "wasm-full"
19 | | ))]
   | |_- the item is gated here
20 |   pub mod coordination;
   |           ^^^^^^^^^^^^

error[E0433]: cannot find `coordination` in `governance`
   --> crates/qualia-core-db/src/governance/coord_seams.rs:132:34
    |
132 |     let rec = crate::governance::coordination::eval_performance_rating(
    |                                  ^^^^^^^^^^^^ could not find `coordination` in `governance`
    |
note: found an item that was configured out
   --> crates/qualia-core-db/src/governance/mod.rs:20:9
    |
 14 |   #[cfg(any(
    |  __________-
 15 | |     not(target_arch = "wasm32"),
 16 | |     feature = "wasm-logic",
 17 | |     feature = "wasm-scientific",
 18 | |     feature = "wasm-full"
 19 | | ))]
    | |_- the item is gated here
 20 |   pub mod coordination;
    |           ^^^^^^^^^^^^

warning: unused import: `decrement_hop`
 --> crates/qualia-core-db/src/net/qdnf/route/overlap.rs:5:25
  |
5 | use super::forwarding::{decrement_hop, ForwardingGeneration};
  |                         ^^^^^^^^^^^^^
  |
  = note: `#[warn(unused_imports)]` (part of `#[warn(unused)]`) on by default

warning: unused imports: `LinkMetric` and `compute_spf`
 --> crates/qualia-core-db/src/net/qdnf/route/overlap.rs:6:18
  |
6 | use super::spf::{compute_spf, LinkMetric, SpfTable};
  |                  ^^^^^^^^^^^  ^^^^^^^^^^

warning: unused import: `VisionComputeDevice`
  --> crates/qualia-core-db/src/specialized_libs/computer_vision/gpu/forge_bicubic.rs:15:68
   |
15 | ...on::{types::VisionError, VisionComputeDevice};
   |                             ^^^^^^^^^^^^^^^^^^^

warning: unused import: `VisionComputeDevice`
  --> crates/qualia-core-db/src/specialized_libs/computer_vision/gpu/forge_resize.rs:15:68
   |
15 | ...on::{types::VisionError, VisionComputeDevice};
   |                             ^^^^^^^^^^^^^^^^^^^

Some errors have detailed explanations: E0432, E0433.
For more information about an error, try `rustc --explain E0432`.
warning: `qualia-core-db` (lib) generated 4 warnings
error: could not compile `qualia-core-db` (lib) due to 2 previous errors; 4 warnings emitted
===== END 03-wasm-check-lite  rc=101  elapsed=17s  2026-09-08T11:37:04Z =====
errors=3 warnings=5 unique_diagnostic_lines=8
