===== START 12-desktop-linux  2026-09-08T11:48:08Z =====
CMD: cargo build --release -p webizen-desktop
warning: profiles for the non root package will be ignored, specify profiles at the workspace root:
package:   /workspace/crates/vibe-wasm/Cargo.toml
workspace: /workspace/Cargo.toml
warning: profiles for the non root package will be ignored, specify profiles at the workspace root:
package:   /workspace/crates/poet/Cargo.toml
workspace: /workspace/Cargo.toml
   Compiling proc-macro2 v1.0.107
   Compiling serde_core v1.0.229
   Compiling portable-atomic v1.14.0
   Compiling quote v1.0.47
   Compiling syn v2.0.119
   Compiling syn v3.0.3
   Compiling once_cell v1.21.4
   Compiling serde v1.0.229
   Compiling smallvec v1.15.2
   Compiling bitflags v2.13.1
   Compiling winnow v0.5.40
   Compiling semver v1.0.28
   Compiling target-lexicon v0.12.16
   Compiling tracing-core v0.1.36
   Compiling cfg-expr v0.15.8
   Compiling synstructure v0.13.2
   Compiling serde_derive v1.0.229
   Compiling thiserror-impl v2.0.19
   Compiling version-compare v0.2.1
   Compiling getrandom v0.3.4
   Compiling rustc_version v0.4.1
   Compiling rand_core v0.9.5
   Compiling thiserror v2.0.19
   Compiling toml_datetime v1.1.1+spec-1.1.0
   Compiling cfg-if v1.0.4
   Compiling zeroize_derive v1.5.0
   Compiling zerocopy-derive v0.8.55
   Compiling futures-macro v0.3.33
   Compiling zeroize v1.9.0
   Compiling generic-array v0.14.7
   Compiling futures-util v0.3.33
   Compiling crypto-common v0.1.7
   Compiling zerofrom-derive v0.1.7
   Compiling zerocopy v0.8.55
   Compiling yoke-derive v0.8.2
   Compiling displaydoc v0.2.6
   Compiling block-buffer v0.10.4
   Compiling digest v0.10.7
   Compiling zerovec-derive v0.11.3
   Compiling thiserror-impl v1.0.69
   Compiling toml_datetime v0.6.3
   Compiling serde_spanned v0.6.9
   Compiling toml_edit v0.20.2
   Compiling tracing-attributes v0.1.31
   Compiling tokio-macros v2.7.1
   Compiling tokio v1.53.1
   Compiling ppv-lite86 v0.2.21
   Compiling tracing v0.1.44
   Compiling thiserror v1.0.69
   Compiling zerofrom v0.1.8
   Compiling rand_chacha v0.9.0
   Compiling yoke v0.8.3
   Compiling toml v0.8.2
   Compiling system-deps v6.2.2
   Compiling zerovec v0.11.6
   Compiling rand v0.9.5
   Compiling tinystr v0.8.3
   Compiling futures-executor v0.3.33
   Compiling icu_locale_core v2.2.0
   Compiling potential_utf v0.1.5
   Compiling zerotrie v0.2.4
   Compiling icu_provider v2.2.0
   Compiling icu_collections v2.2.0
   Compiling hybrid-array v0.4.13
   Compiling icu_normalizer v2.2.0
   Compiling icu_properties v2.2.0
   Compiling sha2 v0.10.9
   Compiling idna_adapter v1.2.2
   Compiling idna v1.1.0
   Compiling url v2.5.8
   Compiling crypto-common v0.2.2
   Compiling block-buffer v0.12.1
   Compiling ident_case v1.0.1
   Compiling glib-sys v0.18.1
   Compiling phf_macros v0.13.1
   Compiling stable_deref_trait v1.2.1
   Compiling gobject-sys v0.18.0
   Compiling async-trait v0.1.91
   Compiling rand_chacha v0.3.1
   Compiling hmac v0.12.1
   Compiling rand v0.8.7
   Compiling syn v1.0.109
   Compiling serde_json v1.0.151
   Compiling gio-sys v0.18.1
   Compiling string_cache_codegen v0.6.1
   Compiling memchr v2.8.3
   Compiling web_atoms v0.2.5
   Compiling fnv v1.0.7
   Compiling futures v0.3.33
   Compiling pin-project-internal v1.1.13
   Compiling typeid v1.0.3
   Compiling pin-project v1.1.13
   Compiling hkdf v0.12.4
   Compiling bytemuck_derive v1.11.0
   Compiling strsim v0.11.1
   Compiling darling_core v0.23.0
   Compiling writeable v0.6.3
   Compiling bytemuck v1.25.2
   Compiling litemap v0.8.2
   Compiling erased-serde v0.4.10
   Compiling itoa v1.0.18
   Compiling gdk-sys v0.18.2
   Compiling derive_more-impl v2.1.1
   Compiling time-macros v0.2.32
   Compiling uuid v1.24.0
   Compiling deranged v0.5.8
   Compiling utf8_iter v1.0.4
   Compiling regex-automata v0.4.16
   Compiling darling_macro v0.23.0
   Compiling darling v0.23.0
   Compiling time v0.3.54
error: failed to run custom build command for `gdk-sys v0.18.2`

Caused by:
  process didn't exit successfully: `/workspace/target/release/build/gdk-sys-fe3b51950d3fe3ea/build-script-build` (exit status: 1)
  --- stdout
  cargo:rerun-if-env-changed=GDK_3.0_NO_PKG_CONFIG
  cargo:rerun-if-env-changed=PKG_CONFIG_x86_64-unknown-linux-gnu
  cargo:rerun-if-env-changed=PKG_CONFIG_x86_64_unknown_linux_gnu
  cargo:rerun-if-env-changed=HOST_PKG_CONFIG
  cargo:rerun-if-env-changed=PKG_CONFIG
  cargo:rerun-if-env-changed=PKG_CONFIG_PATH_x86_64-unknown-linux-gnu
  cargo:rerun-if-env-changed=PKG_CONFIG_PATH_x86_64_unknown_linux_gnu
  cargo:rerun-if-env-changed=HOST_PKG_CONFIG_PATH
  cargo:rerun-if-env-changed=PKG_CONFIG_PATH
  cargo:rerun-if-env-changed=PKG_CONFIG_LIBDIR_x86_64-unknown-linux-gnu
  cargo:rerun-if-env-changed=PKG_CONFIG_LIBDIR_x86_64_unknown_linux_gnu
  cargo:rerun-if-env-changed=HOST_PKG_CONFIG_LIBDIR
  cargo:rerun-if-env-changed=PKG_CONFIG_LIBDIR
  cargo:rerun-if-env-changed=PKG_CONFIG_SYSROOT_DIR_x86_64-unknown-linux-gnu
  cargo:rerun-if-env-changed=PKG_CONFIG_SYSROOT_DIR_x86_64_unknown_linux_gnu
  cargo:rerun-if-env-changed=HOST_PKG_CONFIG_SYSROOT_DIR
  cargo:rerun-if-env-changed=PKG_CONFIG_SYSROOT_DIR

  --- stderr

  pkg-config exited with status code 1
  > PKG_CONFIG_ALLOW_SYSTEM_CFLAGS=1 pkg-config --libs --cflags gdk-3.0 'gdk-3.0 >= 3.22'

  pkg-config output:
    Package gdk-3.0 was not found in the pkg-config search path.
    Perhaps you should add the directory containing `gdk-3.0.pc'
    to the PKG_CONFIG_PATH environment variable
    Package 'gdk-3.0', required by 'virtual:world', not found
    Package 'gdk-3.0', required by 'virtual:world', not found

  The system library `gdk-3.0` required by crate `gdk-sys` was not found.
  The file `gdk-3.0.pc` needs to be installed and the PKG_CONFIG_PATH environment variable must contain its parent directory.
  The PKG_CONFIG_PATH environment variable is not set.

  HINT: if you have installed the library, try setting PKG_CONFIG_PATH to the directory containing `gdk-3.0.pc`.

warning: build failed, waiting for other jobs to finish...
===== END 12-desktop-linux  rc=101  elapsed=20s  2026-09-08T11:48:28Z =====
errors=1 warnings=2 unique_diagnostic_lines=3
