===== START 17-cli-windows-gnu 2026-09-08T14:18:20Z =====
CMD: cargo check -p qualia-cli --target x86_64-pc-windows-gnu
    Checking cfg-if v1.0.4
    Checking subtle v2.6.1
    Checking typenum v1.20.1
    Checking zeroize v1.9.0
    Checking getrandom v0.2.17
    Checking windows-link v0.2.1
    Checking rand_core v0.6.4
   Compiling generic-array v0.14.7
    Checking memchr v2.8.3
    Checking const-oid v0.9.6
    Checking log v0.4.33
   Compiling portable-atomic v1.14.0
   Compiling zerocopy v0.8.55
    Checking critical-section v1.2.0
    Checking smallvec v1.15.2
    Checking windows-sys v0.61.2
    Checking once_cell v1.21.4
    Checking crypto-common v0.1.7
    Checking block-buffer v0.10.4
   Compiling libm v0.2.16
    Checking digest v0.10.7
   Compiling num-traits v0.2.19
    Checking pin-project-lite v0.2.17
   Compiling libc v0.2.189
   Compiling jobserver v0.1.35
    Checking cpufeatures v0.2.17
    Checking scopeguard v1.2.0
   Compiling cc v1.3.0
   Compiling parking_lot_core v0.9.12
    Checking lock_api v0.4.14
    Checking bytes v1.12.1
    Checking ppv-lite86 v0.2.21
    Checking rand_core v0.10.1
    Checking futures-core v0.3.33
   Compiling thiserror v2.0.19
   Compiling getrandom v0.4.3
    Checking parking_lot v0.12.5
    Checking futures-sink v0.3.33
    Checking hybrid-array v0.4.13
    Checking slab v0.4.12
    Checking futures-channel v0.3.33
   Compiling serde_core v1.0.229
   Compiling futures-macro v0.3.33
    Checking futures-task v0.3.33
    Checking futures-io v0.3.33
    Checking crypto-common v0.2.2
    Checking sha2 v0.10.9
    Checking futures-util v0.3.33
    Checking stable_deref_trait v1.2.1
    Checking tracing-core v0.1.36
   Compiling displaydoc v0.2.6
   Compiling tracing-attributes v0.1.31
    Checking zerofrom v0.1.8
   Compiling serde v1.0.229
    Checking yoke v0.8.3
    Checking block-buffer v0.12.1
   Compiling getrandom v0.3.4
    Checking cmov v0.5.4
    Checking itoa v1.0.18
    Checking ctutils v0.4.2
    Checking tracing v0.1.44
    Checking zerovec v0.11.6
   Compiling tokio-macros v2.7.1
    Checking foldhash v0.2.0
    Checking equivalent v1.0.2
    Checking allocator-api2 v0.2.21
    Checking rand_core v0.9.5
    Checking socket2 v0.6.5
    Checking mio v1.2.2
    Checking rand_chacha v0.3.1
    Checking rand v0.8.7
    Checking rand_chacha v0.9.0
   Compiling pkg-config v0.3.33
    Checking tokio v1.53.1
    Checking percent-encoding v2.3.2
    Checking rand v0.9.5
    Checking hashbrown v0.17.1
    Checking tinystr v0.8.3
    Checking static_assertions v1.1.0
    Checking writeable v0.6.3
    Checking litemap v0.8.2
    Checking potential_utf v0.1.5
    Checking zerotrie v0.2.4
    Checking icu_locale_core v2.2.0
   Compiling ring v0.17.14
    Checking const-oid v0.10.2
    Checking utf8_iter v1.0.4
   Compiling icu_properties_data v2.2.0
   Compiling icu_normalizer_data v2.2.0
    Checking icu_collections v2.2.0
    Checking icu_provider v2.2.0
    Checking windows-strings v0.5.1
    Checking windows-result v0.4.1
    Checking data-encoding v2.11.0
    Checking form_urlencoded v1.2.2
    Checking icu_properties v2.2.0
    Checking icu_normalizer v2.2.0
    Checking indexmap v2.14.0
    Checking untrusted v0.9.0
    Checking idna_adapter v1.2.2
    Checking bitflags v2.13.1
    Checking cpufeatures v0.3.0
    Checking byteorder v1.5.0
    Checking idna v1.1.0
    Checking digest v0.11.3
    Checking hmac v0.12.1
   Compiling curve25519-dalek-derive v0.1.1
    Checking either v1.16.0
    Checking url v2.5.8
    Checking num-integer v0.1.46
    Checking fnv v1.0.7
   Compiling anyhow v1.0.104
    Checking foldhash v0.1.5
   Compiling curve25519-dalek v4.1.3
    Checking signature v2.2.0
    Checking http v1.4.2
   Compiling itertools v0.14.0
    Checking futures-executor v0.3.33
   Compiling pin-project-internal v1.1.13
    Checking futures v0.3.33
   Compiling prost-derive v0.14.4
    Checking pin-project v1.1.13
    Checking unsigned-varint v0.8.0
    Checking hex v0.4.3
   Compiling crossbeam-utils v0.8.22
    Checking bytemuck v1.25.2
    Checking ed25519 v2.2.3
    Checking hashbrown v0.15.5
   Compiling data-encoding-macro-internal v0.1.18
    Checking num-bigint v0.4.8
    Checking bs58 v0.5.1
   Compiling cmake v0.1.58
   Compiling windows-interface v0.59.3
   Compiling match-lookup v0.1.2
   Compiling windows-implement v0.60.2
    Checking prost v0.14.4
    Checking const-str v0.4.3
   Compiling fs_extra v1.3.0
    Checking data-encoding-macro v0.1.20
    Checking ed25519-dalek v2.2.0
    Checking base256emoji v1.0.2
   Compiling aws-lc-sys v0.43.0
    Checking windows-core v0.62.2
    Checking multihash v0.19.5
    Checking hkdf v0.12.4
    Checking oxilangtag v0.1.6
    Checking base45 v3.2.0
    Checking ipnet v2.12.0
    Checking oxiri v0.2.11
    Checking tinyvec_macros v0.1.1
    Checking base-x v0.2.11
    Checking arrayref v0.3.9
    Checking multibase v0.9.3
    Checking tinyvec v1.12.0
    Checking libp2p-identity v0.2.14
    Checking quick-protobuf v0.8.1
    Checking inout v0.2.2
    Checking rustls-pki-types v1.15.0
    Checking web-time v1.1.0
    Checking unsigned-varint v0.7.2
    Checking futures-timer v3.0.4
    Checking multistream-select v0.13.0
    Checking multiaddr v0.18.2
    Checking rw-stream-sink v0.4.0
    Checking oxsdatatypes v0.2.2
    Checking windows-threading v0.2.1
    Checking siphasher v1.0.3
   Compiling aws-lc-rs v1.17.3
   Compiling thiserror v1.0.69
   Compiling httparse v1.10.1
    Checking oxrdf v0.3.3
    Checking libp2p-core v0.43.2
    Checking windows-future v0.3.2
    Checking cipher v0.5.2
    Checking windows-numerics v0.3.1
    Checking windows-collections v0.3.2
    Checking aho-corasick v1.1.4
   Compiling thiserror-impl v1.0.69
    Checking regex-syntax v0.8.11
   Compiling fastrand v2.5.0
    Checking ryu v1.0.23
    Checking base64 v0.22.1
    Checking cpubits v0.1.1
   Compiling phf_generator v0.13.1
    Checking windows v0.62.2
    Checking regex-automata v0.4.16
    Checking http-body v1.1.0
    Checking windows-registry v0.6.1
    Checking block-padding v0.3.3
   Compiling enum-ordinalize-derive v4.4.1
    Checking unicode-ident v1.0.24
   Compiling crossbeam-epoch v0.9.20
    Checking httpdate v1.0.3
   Compiling windows_x86_64_gnu v0.52.6
   Compiling khronos_api v3.1.0
    Checking arrayvec v0.7.8
    Checking regex v1.13.1
   Compiling enum-ordinalize v4.4.1
    Checking inout v0.1.4
    Checking tokio-util v0.7.19
    Checking ark-std v0.6.0
    Checking sha1 v0.10.7
   Compiling ahash v0.8.12
   Compiling ark-serialize-derive v0.6.0
    Checking unicode-width v0.2.2
   Compiling rustls v0.23.42
   Compiling winapi-x86_64-pc-windows-gnu v0.4.0
    Checking tower-service v0.3.3
   Compiling zmij v1.0.23
   Compiling ark-ff-macros v0.6.0
    Checking ark-serialize v0.6.0
    Checking cipher v0.4.4
   Compiling educe v0.6.0
    Checking winapi-util v0.1.11
    Checking half v2.7.1
   Compiling ark-ff-asm v0.6.0
    Checking simd-adler32 v0.3.10
    Checking rustc-hash v1.1.0
   Compiling xml-rs v0.8.28
    Checking mime v0.3.17
   Compiling winapi v0.3.9
   Compiling serde_json v1.0.151
   Compiling gl_generator v0.14.0
   Compiling crc32fast v1.5.0
    Checking ark-ff v0.6.0
   Compiling time-macros v0.2.32
    Checking naga-types v30.0.0
    Checking termcolor v1.4.1
    Checking windows-targets v0.52.6
    Checking chacha20 v0.10.1
    Checking unicode-normalization v0.1.25
    Checking hashlink v0.10.0
   Compiling naga v30.0.0
   Compiling enum-as-inner v0.6.1
   Compiling libp2p-swarm-derive v0.35.1
    Checking quick-xml v0.37.5
    Checking libloading v0.8.9
   Compiling ash v0.38.0+1.3.281
    Checking time-core v0.1.9
    Checking keccak v0.1.6
    Checking try-lock v0.2.5
    Checking peg-runtime v0.8.6
    Checking atomic-waker v1.1.2
    Checking adler2 v2.0.1
    Checking json-event-parser v0.2.3
    Checking powerfmt v0.2.0
    Checking fixedbitset v0.5.7
    Checking deranged v0.5.8
    Checking num-conv v0.2.2
    Checking bit-vec v0.9.1
    Checking bit-set v0.10.0
    Checking petgraph v0.8.3
    Checking time v0.3.54
    Checking miniz_oxide v0.8.9
    Checking h2 v0.4.15
    Checking peg v0.8.6
    Checking want v0.3.1
    Checking libp2p-swarm v0.47.1
    Checking ark-poly v0.6.0
    Checking windows-sys v0.52.0
    Checking codespan-reporting v0.13.1
   Compiling glutin_wgl_sys v0.6.1
    Checking num-complex v0.4.6
    Checking spirv v0.4.0+sdk-1.4.341.0
    Checking uuid v1.24.0
    Checking md-5 v0.10.6
    Checking raw-window-handle v0.6.2
   Compiling khronos-egl v6.0.0
    Checking rustc-hash v2.1.3
    Checking tower-layer v0.3.3
    Checking unicode-bidi v0.3.18
   Compiling ipconfig v0.3.4
    Checking wgpu-types v30.0.0
   Compiling mime_guess v2.0.5
    Checking flate2 v1.1.9
    Checking socket2 v0.5.10
    Checking hyper v1.11.0
    Checking spargebra v0.4.6
    Checking rand v0.10.2
   Compiling wasm-bindgen-shared v0.2.125
    Checking http-body-util v0.1.4
   Compiling phf_codegen v0.13.1
   Compiling wgpu-hal v30.0.0
    Checking hmac v0.13.0
   Compiling zstd-sys v2.0.16+zstd.1.5.7
    Checking hashbrown v0.16.1
    Checking universal-hash v0.6.1
    Checking sync_wrapper v1.0.2
   Compiling matrixmultiply v0.3.11
   Compiling pulp v0.21.5
   Compiling equator-macro v0.4.2
    Checking widestring v1.2.1
   Compiling syn v1.0.109
   Compiling crunchy v0.2.4
   Compiling crossbeam-deque v0.8.7
   Compiling num-bigint-dig v0.9.1
    Checking reborrow v0.5.5
    Checking presser v0.3.1
   Compiling rustls v0.21.12
    Checking ryu-js v1.0.3
   Compiling paste v1.0.15
    Checking bitflags v1.3.2
    Checking oxjsonld v0.2.5
    Checking equator v0.4.2
    Checking sparopt v0.3.6
    Checking wgpu-naga-bridge v30.0.0
    Checking hyper-util v0.1.20
    Checking hickory-proto v0.25.2
    Checking sparesults v0.3.3
    Checking gpu-allocator v0.28.0
    Checking oxrdfxml v0.2.3
    Checking oxttl v0.2.3
    Checking phf_shared v0.13.1
    Checking crossbeam-channel v0.5.16
    Checking rustls-webpki v0.101.7
    Checking sct v0.7.1
    Checking num-iter v0.1.46
    Checking sha2 v0.11.0
    Checking signature v3.0.0
   Compiling snow v0.9.6
   Compiling curve25519-dalek v5.0.0
    Checking if-addrs v0.15.0
    Checking asynchronous-codec v0.7.0
   Compiling ring v0.16.20
    Checking ordered-float v5.3.0
    Checking blake2 v0.10.6
   Compiling pulp v0.22.3
   Compiling rayon-core v1.13.0
    Checking range-alloc v0.1.5
    Checking profiling v1.0.18
    Checking hashbrown v0.14.5
    Checking renderdoc-sys v1.1.0
    Checking unicase v2.9.0
    Checking rawpointer v0.2.1
    Checking glow v0.17.0
    Checking nohash-hasher v0.2.0
    Checking resolv-conf v0.7.6
    Checking tagptr v0.2.0
    Checking moka v0.12.15
   Compiling rio_api v0.8.6
    Checking dashmap v6.2.1
    Checking if-watch v3.2.2
    Checking oxrdfio v0.2.5
    Checking spareval v0.2.6
   Compiling wasm-bindgen v0.2.125
    Checking aligned-vec v0.6.4
    Checking tower v0.5.3
    Checking ark-ec v0.6.0
    Checking ark-relations v0.6.0
    Checking sha3 v0.10.9
    Checking fdeflate v0.3.7
   Compiling phf_macros v0.13.1
    Checking futures-bounded v0.2.4
   Compiling wgpu-core v30.0.0
    Checking x25519-dalek v2.0.1
    Checking raw-cpuid v11.6.0
    Checking der v0.8.1
    Checking chrono v0.4.45
    Checking ff v0.14.0
    Checking universal-hash v0.5.1
    Checking csv-core v0.1.13
    Checking encoding_rs v0.8.35
   Compiling zstd-safe v7.2.4
    Checking untrusted v0.7.1
    Checking pulp-wasm-simd-flag v0.1.1
   Compiling doc-comment v0.3.4
   Compiling ntapi v0.4.3
    Checking opaque-debug v0.3.1
    Checking spin v0.5.2
    Checking base64 v0.21.7
    Checking new_debug_unreachable v1.0.6
    Checking rustls-pemfile v1.0.4
    Checking poly1305 v0.8.0
    Checking csv v1.4.0
    Checking phf v0.13.1
    Checking ark-snark v0.6.0
   Compiling derivative v2.2.0
    Checking uint v0.10.0
    Checking tfhe-ntt v0.6.1
    Checking oxigraph v0.5.9
    Checking tokio-rustls v0.24.1
    Checking fhe-util v0.1.1
    Checking wgpu-core-deps-windows-linux-android v30.0.0
    Checking ndarray v0.17.2
    Checking hickory-resolver v0.25.2
    Checking yamux v0.12.1
    Checking yamux v0.13.10
    Checking quick-protobuf-codec v0.3.1
    Checking polyval v0.7.3
    Checking idna v0.4.0
    Checking merlin v3.0.0
    Checking chacha20 v0.9.1
    Checking tungstenite v0.29.0
   Compiling string_cache_codegen v0.6.1
    Checking crypto-bigint v0.7.5
    Checking serde_urlencoded v0.7.1
    Checking aead v0.6.1
    Checking sha1 v0.11.0
    Checking fhe-traits v0.1.1
   Compiling blake3 v1.8.5
    Checking aead v0.5.2
    Checking keyring-core v1.0.0
   Compiling ark-crypto-primitives-macros v0.5.0
    Checking linked-hash-map v0.5.6
   Compiling cudarc v0.19.8
    Checking base64ct v1.8.3
    Checking ciborium-io v0.2.2
    Checking minimal-lexical v0.2.1
    Checking precomputed-hash v0.1.1
    Checking ip_network_table-deps-treebitmap v0.5.0
    Checking ip_network v0.4.1
    Checking ethnum v1.5.3
   Compiling rio_xml v0.8.6
    Checking nom v7.1.3
    Checking ip_network_table v0.2.0
    Checking password-hash v0.5.0
    Checking ciborium-ll v0.2.2
   Compiling rio_turtle v0.8.6
    Checking fhe-math v0.1.1
    Checking ark-crypto-primitives v0.6.0
    Checking lru-cache v0.1.2
    Checking windows-native-keyring-store v1.1.0
    Checking chacha20poly1305 v0.10.1
   Compiling wgpu v30.0.0
   Compiling web_atoms v0.2.5
    Checking tokio-tungstenite v0.29.0
    Checking trust-dns-proto v0.23.2
    Checking libp2p-yamux v0.47.0
    Checking ghash v0.6.0
    Checking libp2p-kad v0.48.0
    Checking libp2p-dns v0.44.0
    Checking libp2p-noise v0.46.1
    Checking wellfare-core v0.0.37 (/workspace/crates/wellfare-core)
    Checking rayon v1.12.0
    Checking js-sys v0.3.102
    Checking rustls-webpki v0.103.13
    Checking group v0.14.0
    Checking spki v0.8.0
    Checking libp2p-request-response v0.29.0
    Checking tower-http v0.6.11
    Checking libp2p-mdns v0.48.0
    Checking libp2p-tcp v0.44.1
    Checking ed25519 v3.0.0
    Checking axum-core v0.5.6
    Checking poly1305 v0.9.1
    Checking libp2p-allow-block-list v0.6.0
    Checking tokio-rustls v0.26.4
    Checking rustls-platform-verifier v0.7.0
    Checking libp2p-connection-limits v0.6.0
    Checking hyper-rustls v0.27.9
    Checking yasna v0.6.0
    Checking aes v0.9.1
    Checking pem v3.0.6
    Checking ctr v0.10.1
    Checking num-rational v0.4.2
    Checking serde_path_to_error v0.1.20
    Checking quick-xml v0.36.2
    Checking der v0.7.10
    Checking ff v0.13.1
    Checking libloading v0.9.0
    Checking keccak v0.2.0
    Checking base16ct v1.0.0
    Checking base16ct v0.2.0
    Checking twox-hash v2.1.3
    Checking unsafe-libyaml v0.2.11
    Checking sponge-cursor v0.1.0
    Checking weezl v0.1.12
   Compiling lexical-core v0.7.6
    Checking http-range-header v0.4.2
   Compiling vcpkg v0.2.15
    Checking matchit v0.8.4
   Compiling qualia-core-db v0.0.37 (/workspace/crates/qualia-core-db)
    Checking num_cpus v1.17.0
    Checking unicode-xid v0.2.6
    Checking constant_time_eq v0.4.2
    Checking webpki-roots v0.25.4
    Checking trust-dns-resolver v0.23.2
    Checking vibe v0.0.37 (/workspace/crates/vibe)
    Checking axum v0.8.9
   Compiling libz-sys v1.1.29
    Checking core_affinity v0.8.3
    Checking serde_yaml v0.9.34+deprecated
    Checking tower-http v0.7.0
    Checking serde-wasm-bindgen v0.6.5
    Checking sha3 v0.12.0
    Checking sec1 v0.7.3
    Checking lz4_flex v0.13.1
    Checking sec1 v0.8.1
    Checking group v0.13.0
    Checking mp4 v0.14.0
    Checking aes-gcm v0.11.0
    Checking rcgen v0.14.8
    Checking reqwest v0.13.4
    Checking libp2p v0.56.0
    Checking chacha20poly1305 v0.11.0
    Checking ed25519-dalek v3.0.0
    Checking sysinfo v0.39.6
    Checking pkcs8 v0.11.0
    Checking fhe v0.1.1
    Checking qualia-cooperative-core v0.0.37 (/workspace/crates/qualia-cooperative-core)
    Checking zstd v0.13.3
    Checking jpeg-decoder v0.3.2
    Checking rusticata-macros v4.1.0
    Checking boringtun v0.7.1
    Checking keyring v4.1.5
    Checking ark-groth16 v0.6.0
    Checking ciborium v0.2.2
    Checking argon2 v0.5.3
    Checking tempfile v3.27.0
    Checking string_cache v0.9.0
    Checking x25519-dalek v3.0.0
    Checking png v0.17.16
    Checking fips203 v0.4.3
    Checking fips205 v0.4.1
    Checking fips204 v0.4.6
    Checking ark-bls12-381 v0.6.0
    Checking hkdf v0.13.0
    Checking pbkdf2 v0.13.0
    Checking rand_distr v0.6.0
    Checking tokio-stream v0.1.19
    Checking schannel v0.1.29
    Checking serde_bytes v0.11.19
   Compiling asn1-rs-derive v0.5.1
    Checking futures-intrusive v0.5.0
    Checking atoi v3.1.0
    Checking crypto-bigint v0.5.5
    Checking quick-xml v0.41.0
   Compiling nom v5.1.3
   Compiling asn1-rs-impl v0.2.0
    Checking pollster v1.0.1
    Checking rtrb v0.3.4
    Checking dtoa v1.0.11
    Checking qualia-inference-kernel v0.0.37 (/workspace/crates/qualia-inference-kernel)
    Checking qualia-audio v0.0.37 (/workspace/crates/qualia-audio)
    Checking utf8parse v0.2.2
    Checking arrayvec v0.5.2
    Checking minicbor v2.2.3
    Checking memmap2 v0.9.11
    Checking fast_qr v0.13.1
    Checking anstyle v1.0.14
    Checking once_cell_polyfill v1.70.2
    Checking urlencoding v2.1.3
    Checking anstyle-wincon v3.0.11
    Checking elliptic-curve v0.13.8
    Checking anstyle-parse v1.0.0
    Checking asn1-rs v0.6.2
    Checking dtoa-short v0.3.5
    Checking elliptic-curve v0.14.1
    Checking tendril v0.5.1
   Compiling selectors v0.38.0
    Checking headers-core v0.3.0
    Checking rfc6979 v0.4.0
    Checking anstyle-query v1.1.5
    Checking nom v8.0.0
   Compiling derive_more-impl v2.1.1
   Compiling cssparser-macros v0.7.0
   Compiling native-tls v0.2.18
    Checking zune-core v0.5.1
    Checking colorchoice v1.0.5
    Checking pom v1.1.0
    Checking pxfm v0.1.30
    Checking is_terminal_polyfill v1.70.2
   Compiling oid-registry v0.7.1
    Checking byteorder-lite v0.1.0
    Checking quick-error v2.0.1
    Checking color_quant v1.1.0
    Checking unicode-properties v0.1.4
    Checking gif v0.14.2
    Checking stringprep v0.1.5
    Checking image-webp v0.2.4
    Checking anstream v1.0.0
    Checking zune-jpeg v0.5.15
    Checking cssparser v0.37.0
    Checking derive_more v2.1.1
    Checking ecdsa v0.16.9
    Checking moxcms v0.8.1
    Checking headers v0.4.1
    Checking markup5ever v0.39.0
    Checking wnaf v0.14.0
    Checking rfc6979 v0.6.0
    Checking primefield v0.14.0
    Checking png v0.18.1
    Checking cbc v0.1.2
    Checking aes v0.8.4
    Checking ecb v0.1.2
    Checking hex-conservative v0.2.2
   Compiling webizen-render v0.0.37 (/workspace/crates/webizen-render)
   Compiling libgit2-sys v0.18.5+1.9.4
    Checking servo_arc v0.4.3
    Checking scoped-tls v1.0.1
    Checking rangemap v1.7.1
    Checking ttf-parser v0.25.1
    Checking lazy_static v1.5.0
    Checking warp v0.4.3
    Checking image v0.25.10
    Checking lopdf v0.42.0
    Checking bitcoin_hashes v0.14.101
    Checking imap-proto v0.10.2 (/workspace/vendor/imap-proto)
    Checking primeorder v0.14.0
    Checking ecdsa v0.17.0
    Checking html5ever v0.39.0
    Checking k256 v0.13.4
    Checking adobe-cmap-parser v0.4.1
    Checking type1-encoding-parser v0.1.1
    Checking der-parser v9.0.0
    Checking getopts v0.2.24
    Checking email-encoding v0.4.1
    Checking webpki-roots v1.0.9
    Checking pbkdf2 v0.12.2
    Checking euclid v0.20.14
    Checking ripemd v0.1.3
    Checking cff-parser v0.2.0
    Checking clap_lex v1.1.0
    Checking chunked_transfer v1.5.0
    Checking ascii v1.1.0
    Checking jiff-core v0.1.0
    Checking quoted_printable v0.5.2
    Checking postscript v0.14.1
    Checking base64 v0.13.1
    Checking email_address v0.2.9
    Checking strsim v0.11.1
    Checking bufstream v0.1.4
    Checking ego-tree v0.11.0
    Checking clap_builder v4.6.2
    Checking scraper v0.27.0
    Checking imap v2.4.1
    Checking jiff v0.2.34
    Checking lettre v0.11.22
    Checking pdf-extract v0.12.0
    Checking tiny_http v0.12.0
    Checking bip32 v0.5.3
    Checking x509-parser v0.16.0
    Checking k256 v0.14.0
    Checking bip39 v2.2.2
    Checking rustls-native-certs v0.8.4
    Checking tungstenite v0.30.0
    Checking env_filter v2.0.0
    Checking rustls-pemfile v2.2.0
   Compiling clap_derive v4.6.4
    Checking ripemd v0.2.0
    Checking winreg v0.56.0
    Checking bech32 v0.12.0
   Compiling qualia-cli v0.0.37 (/workspace/crates/qualia-cli)
    Checking tokio-tungstenite v0.30.0
    Checking env_logger v0.11.11
    Checking clap v4.6.4
    Checking qualia-vision v0.0.37 (/workspace/crates/qualia-vision)
    Checking qualia-solid-bridge v0.0.37 (/workspace/crates/qualia-solid-bridge)
    Checking qualia-client-core v0.0.37 (/workspace/crates/qualia-client-core)
    Checking git2 v0.21.0
    Finished `dev` profile [unoptimized + debuginfo] target(s) in 1m 51s
===== END 17-cli-windows-gnu rc=0 2026-09-08T14:20:12Z =====
