===== START 18-cli-windows-gnu-release 2026-09-08T14:20:29Z =====
CMD: cargo build --release -p qualia-cli --target x86_64-pc-windows-gnu
   Compiling cfg-if v1.0.4
   Compiling subtle v2.6.1
   Compiling typenum v1.20.1
   Compiling zeroize v1.9.0
   Compiling getrandom v0.2.17
   Compiling windows-link v0.2.1
   Compiling rand_core v0.6.4
   Compiling generic-array v0.14.7
   Compiling memchr v2.8.3
   Compiling const-oid v0.9.6
   Compiling log v0.4.33
   Compiling portable-atomic v1.14.0
   Compiling zerocopy v0.8.55
   Compiling critical-section v1.2.0
   Compiling smallvec v1.15.2
   Compiling crypto-common v0.1.7
   Compiling block-buffer v0.10.4
   Compiling once_cell v1.21.4
   Compiling digest v0.10.7
   Compiling windows-sys v0.61.2
   Compiling libm v0.2.16
   Compiling pin-project-lite v0.2.17
   Compiling num-traits v0.2.19
   Compiling scopeguard v1.2.0
   Compiling cpufeatures v0.2.17
   Compiling parking_lot_core v0.9.12
   Compiling lock_api v0.4.14
   Compiling bytes v1.12.1
   Compiling rand_core v0.10.1
   Compiling futures-core v0.3.33
   Compiling thiserror v2.0.19
   Compiling getrandom v0.4.3
   Compiling parking_lot v0.12.5
   Compiling futures-sink v0.3.33
   Compiling hybrid-array v0.4.13
   Compiling ppv-lite86 v0.2.21
   Compiling slab v0.4.12
   Compiling futures-channel v0.3.33
   Compiling serde_core v1.0.229
   Compiling futures-io v0.3.33
   Compiling futures-task v0.3.33
   Compiling futures-util v0.3.33
   Compiling crypto-common v0.2.2
   Compiling sha2 v0.10.9
   Compiling stable_deref_trait v1.2.1
   Compiling tracing-core v0.1.36
   Compiling tracing v0.1.44
   Compiling zerofrom v0.1.8
   Compiling serde v1.0.229
   Compiling yoke v0.8.3
   Compiling block-buffer v0.12.1
   Compiling cmov v0.5.4
   Compiling itoa v1.0.18
   Compiling getrandom v0.3.4
   Compiling ctutils v0.4.2
   Compiling zerovec v0.11.6
   Compiling equivalent v1.0.2
   Compiling allocator-api2 v0.2.21
   Compiling foldhash v0.2.0
   Compiling rand_core v0.9.5
   Compiling rand_chacha v0.3.1
   Compiling percent-encoding v2.3.2
   Compiling socket2 v0.6.5
   Compiling mio v1.2.2
   Compiling rand v0.8.7
   Compiling tokio v1.53.1
   Compiling rand_chacha v0.9.0
   Compiling rand v0.9.5
   Compiling hashbrown v0.17.1
   Compiling tinystr v0.8.3
   Compiling writeable v0.6.3
   Compiling litemap v0.8.2
   Compiling static_assertions v1.1.0
   Compiling potential_utf v0.1.5
   Compiling zerotrie v0.2.4
   Compiling icu_locale_core v2.2.0
   Compiling const-oid v0.10.2
   Compiling utf8_iter v1.0.4
   Compiling icu_properties_data v2.2.0
   Compiling icu_collections v2.2.0
   Compiling icu_normalizer_data v2.2.0
   Compiling ring v0.17.14
   Compiling icu_provider v2.2.0
   Compiling windows-strings v0.5.1
   Compiling windows-result v0.4.1
   Compiling data-encoding v2.11.0
   Compiling form_urlencoded v1.2.2
   Compiling icu_properties v2.2.0
   Compiling icu_normalizer v2.2.0
   Compiling indexmap v2.14.0
   Compiling idna_adapter v1.2.2
   Compiling byteorder v1.5.0
   Compiling cpufeatures v0.3.0
   Compiling untrusted v0.9.0
   Compiling bitflags v2.13.1
   Compiling idna v1.1.0
   Compiling digest v0.11.3
   Compiling hmac v0.12.1
   Compiling libc v0.2.189
   Compiling either v1.16.0
   Compiling url v2.5.8
   Compiling num-integer v0.1.46
   Compiling foldhash v0.1.5
   Compiling fnv v1.0.7
   Compiling signature v2.2.0
   Compiling curve25519-dalek v4.1.3
   Compiling http v1.4.2
   Compiling futures-executor v0.3.33
   Compiling pin-project v1.1.13
   Compiling futures v0.3.33
   Compiling prost v0.14.4
   Compiling unsigned-varint v0.8.0
   Compiling hex v0.4.3
   Compiling crossbeam-utils v0.8.22
   Compiling bytemuck v1.25.2
   Compiling ed25519 v2.2.3
   Compiling hashbrown v0.15.5
   Compiling num-bigint v0.4.8
   Compiling bs58 v0.5.1
   Compiling windows-interface v0.59.3
   Compiling windows-implement v0.60.2
   Compiling const-str v0.4.3
   Compiling windows-core v0.62.2
   Compiling ed25519-dalek v2.2.0
   Compiling base256emoji v1.0.2
   Compiling data-encoding-macro v0.1.20
   Compiling multihash v0.19.5
   Compiling hkdf v0.12.4
   Compiling arrayref v0.3.9
   Compiling oxilangtag v0.1.6
   Compiling base45 v3.2.0
   Compiling base-x v0.2.11
   Compiling tinyvec_macros v0.1.1
   Compiling ipnet v2.12.0
   Compiling oxiri v0.2.11
   Compiling tinyvec v1.12.0
   Compiling multibase v0.9.3
   Compiling libp2p-identity v0.2.14
   Compiling aws-lc-sys v0.43.0
   Compiling quick-protobuf v0.8.1
   Compiling inout v0.2.2
   Compiling rustls-pki-types v1.15.0
   Compiling web-time v1.1.0
   Compiling unsigned-varint v0.7.2
   Compiling futures-timer v3.0.4
   Compiling multistream-select v0.13.0
   Compiling multiaddr v0.18.2
   Compiling rw-stream-sink v0.4.0
   Compiling oxsdatatypes v0.2.2
   Compiling windows-threading v0.2.1
   Compiling siphasher v1.0.3
   Compiling httparse v1.10.1
   Compiling libp2p-core v0.43.2
   Compiling oxrdf v0.3.3
   Compiling thiserror v1.0.69
   Compiling windows-future v0.3.2
   Compiling cipher v0.5.2
   Compiling windows-numerics v0.3.1
   Compiling windows-collections v0.3.2
   Compiling aho-corasick v1.1.4
   Compiling ryu v1.0.23
   Compiling cpubits v0.1.1
   Compiling regex-syntax v0.8.11
   Compiling base64 v0.22.1
   Compiling regex-automata v0.4.16
   Compiling windows v0.62.2
   Compiling http-body v1.1.0
   Compiling windows-registry v0.6.1
   Compiling block-padding v0.3.3
   Compiling windows_x86_64_gnu v0.52.6
   Compiling khronos_api v3.1.0
   Compiling unicode-ident v1.0.24
   Compiling httpdate v1.0.3
   Compiling arrayvec v0.7.8
   Compiling crossbeam-epoch v0.9.20
   Compiling inout v0.1.4
   Compiling regex v1.13.1
   Compiling tokio-util v0.7.19
   Compiling ark-std v0.6.0
   Compiling sha1 v0.10.7
   Compiling winapi-x86_64-pc-windows-gnu v0.4.0
   Compiling unicode-width v0.2.2
   Compiling tower-service v0.3.3
   Compiling zmij v1.0.23
   Compiling ark-serialize v0.6.0
   Compiling ahash v0.8.12
   Compiling cipher v0.4.4
   Compiling winapi-util v0.1.11
   Compiling half v2.7.1
   Compiling winapi v0.3.9
   Compiling xml-rs v0.8.28
   Compiling rustc-hash v1.1.0
   Compiling mime v0.3.17
   Compiling simd-adler32 v0.3.10
   Compiling crc32fast v1.5.0
   Compiling serde_json v1.0.151
   Compiling gl_generator v0.14.0
   Compiling naga-types v30.0.0
   Compiling ark-ff v0.6.0
   Compiling termcolor v1.4.1
   Compiling windows-targets v0.52.6
   Compiling chacha20 v0.10.1
   Compiling unicode-normalization v0.1.25
   Compiling hashlink v0.10.0
   Compiling quick-xml v0.37.5
   Compiling libloading v0.8.9
   Compiling try-lock v0.2.5
   Compiling deranged v0.5.8
   Compiling adler2 v2.0.1
   Compiling bit-vec v0.9.1
   Compiling peg-runtime v0.8.6
   Compiling atomic-waker v1.1.2
   Compiling keccak v0.1.6
   Compiling time-core v0.1.9
   Compiling num-conv v0.2.2
   Compiling fixedbitset v0.5.7
   Compiling json-event-parser v0.2.3
   Compiling powerfmt v0.2.0
   Compiling time v0.3.54
   Compiling petgraph v0.8.3
   Compiling h2 v0.4.15
   Compiling peg v0.8.6
   Compiling ash v0.38.0+1.3.281
   Compiling bit-set v0.10.0
   Compiling miniz_oxide v0.8.9
   Compiling want v0.3.1
   Compiling ark-poly v0.6.0
   Compiling libp2p-swarm v0.47.1
   Compiling naga v30.0.0
   Compiling windows-sys v0.52.0
   Compiling codespan-reporting v0.13.1
   Compiling glutin_wgl_sys v0.6.1
   Compiling num-complex v0.4.6
   Compiling itertools v0.14.0
   Compiling spirv v0.4.0+sdk-1.4.341.0
   Compiling uuid v1.24.0
   Compiling md-5 v0.10.6
   Compiling ipconfig v0.3.4
   Compiling raw-window-handle v0.6.2
   Compiling tower-layer v0.3.3
   Compiling rustc-hash v2.1.3
   Compiling unicode-bidi v0.3.18
   Compiling khronos-egl v6.0.0
   Compiling wgpu-types v30.0.0
   Compiling flate2 v1.1.9
   Compiling socket2 v0.5.10
   Compiling hyper v1.11.0
   Compiling spargebra v0.4.6
   Compiling rand v0.10.2
   Compiling wasm-bindgen-shared v0.2.125
   Compiling http-body-util v0.1.4
   Compiling hmac v0.13.0
   Compiling hashbrown v0.16.1
   Compiling universal-hash v0.6.1
   Compiling sync_wrapper v1.0.2
   Compiling presser v0.3.1
   Compiling reborrow v0.5.5
   Compiling bitflags v1.3.2
   Compiling ryu-js v1.0.3
   Compiling widestring v1.2.1
   Compiling crossbeam-deque v0.8.7
   Compiling rustls v0.21.12
   Compiling oxjsonld v0.2.5
   Compiling num-bigint-dig v0.9.1
   Compiling gpu-allocator v0.28.0
   Compiling crunchy v0.2.4
   Compiling equator v0.4.2
   Compiling pulp v0.21.5
   Compiling matrixmultiply v0.3.11
   Compiling zstd-sys v2.0.16+zstd.1.5.7
   Compiling wgpu-hal v30.0.0
   Compiling sparopt v0.3.6
   Compiling wgpu-naga-bridge v30.0.0
   Compiling hyper-util v0.1.20
   Compiling hickory-proto v0.25.2
   Compiling mime_guess v2.0.5
   Compiling sparesults v0.3.3
   Compiling oxrdfxml v0.2.3
   Compiling oxttl v0.2.3
   Compiling phf_shared v0.13.1
   Compiling crossbeam-channel v0.5.16
   Compiling rustls-webpki v0.101.7
   Compiling aws-lc-rs v1.17.3
   Compiling rustls v0.23.42
   Compiling sct v0.7.1
   Compiling num-iter v0.1.46
   Compiling sha2 v0.11.0
   Compiling signature v3.0.0
   Compiling if-addrs v0.15.0
   Compiling rustls-webpki v0.103.13
   Compiling asynchronous-codec v0.7.0
   Compiling ordered-float v5.3.0
   Compiling blake2 v0.10.6
   Compiling hashbrown v0.14.5
   Compiling glow v0.17.0
   Compiling tagptr v0.2.0
   Compiling unicase v2.9.0
   Compiling rawpointer v0.2.1
   Compiling renderdoc-sys v1.1.0
   Compiling nohash-hasher v0.2.0
   Compiling range-alloc v0.1.5
   Compiling resolv-conf v0.7.6
   Compiling profiling v1.0.18
   Compiling tokio-rustls v0.26.4
   Compiling rayon-core v1.13.0
   Compiling moka v0.12.15
   Compiling dashmap v6.2.1
   Compiling rio_api v0.8.6
   Compiling pulp v0.22.3
   Compiling ring v0.16.20
   Compiling snow v0.9.6
   Compiling curve25519-dalek v5.0.0
   Compiling if-watch v3.2.2
   Compiling oxrdfio v0.2.5
   Compiling spareval v0.2.6
   Compiling wasm-bindgen v0.2.125
   Compiling aligned-vec v0.6.4
   Compiling tower v0.5.3
   Compiling ark-ec v0.6.0
   Compiling ark-relations v0.6.0
   Compiling sha3 v0.10.9
   Compiling fdeflate v0.3.7
   Compiling futures-bounded v0.2.4
   Compiling x25519-dalek v2.0.1
   Compiling raw-cpuid v11.6.0
   Compiling der v0.8.1
   Compiling chrono v0.4.45
   Compiling ff v0.14.0
   Compiling universal-hash v0.5.1
   Compiling csv-core v0.1.13
   Compiling encoding_rs v0.8.35
   Compiling opaque-debug v0.3.1
   Compiling new_debug_unreachable v1.0.6
   Compiling spin v0.5.2
   Compiling untrusted v0.7.1
   Compiling pulp-wasm-simd-flag v0.1.1
   Compiling ntapi v0.4.3
   Compiling base64 v0.21.7
   Compiling rustls-pemfile v1.0.4
   Compiling doc-comment v0.3.4
   Compiling zstd-safe v7.2.4
   Compiling poly1305 v0.8.0
   Compiling csv v1.4.0
   Compiling wgpu-core v30.0.0
   Compiling phf v0.13.1
   Compiling ark-snark v0.6.0
   Compiling uint v0.10.0
   Compiling tfhe-ntt v0.6.1
   Compiling oxigraph v0.5.9
   Compiling tokio-rustls v0.24.1
   Compiling fhe-util v0.1.1
   Compiling hickory-resolver v0.25.2
   Compiling wgpu-core-deps-windows-linux-android v30.0.0
   Compiling ndarray v0.17.2
   Compiling yamux v0.12.1
   Compiling yamux v0.13.10
   Compiling quick-protobuf-codec v0.3.1
   Compiling polyval v0.7.3
   Compiling idna v0.4.0
   Compiling merlin v3.0.0
   Compiling chacha20 v0.9.1
   Compiling tungstenite v0.29.0
   Compiling crypto-bigint v0.7.5
   Compiling serde_urlencoded v0.7.1
   Compiling aead v0.6.1
   Compiling sha1 v0.11.0
   Compiling fhe-traits v0.1.1
   Compiling aead v0.5.2
   Compiling keyring-core v1.0.0
   Compiling ip_network v0.4.1
   Compiling precomputed-hash v0.1.1
   Compiling fastrand v2.5.0
   Compiling linked-hash-map v0.5.6
   Compiling ciborium-io v0.2.2
   Compiling ip_network_table-deps-treebitmap v0.5.0
   Compiling ethnum v1.5.3
   Compiling minimal-lexical v0.2.1
   Compiling base64ct v1.8.3
   Compiling password-hash v0.5.0
   Compiling nom v7.1.3
   Compiling fhe-math v0.1.1
   Compiling ip_network_table v0.2.0
   Compiling ciborium-ll v0.2.2
   Compiling lru-cache v0.1.2
   Compiling rio_turtle v0.8.6
   Compiling rio_xml v0.8.6
   Compiling cudarc v0.19.8
   Compiling ark-crypto-primitives v0.6.0
   Compiling windows-native-keyring-store v1.1.0
   Compiling chacha20poly1305 v0.10.1
   Compiling blake3 v1.8.5
   Compiling wgpu v30.0.0
   Compiling tokio-tungstenite v0.29.0
   Compiling trust-dns-proto v0.23.2
   Compiling ghash v0.6.0
   Compiling libp2p-kad v0.48.0
   Compiling libp2p-yamux v0.47.0
   Compiling wellfare-core v0.0.37 (/workspace/crates/wellfare-core)
   Compiling libp2p-dns v0.44.0
   Compiling libp2p-noise v0.46.1
   Compiling js-sys v0.3.102
   Compiling rayon v1.12.0
   Compiling group v0.14.0
   Compiling spki v0.8.0
   Compiling libp2p-request-response v0.29.0
   Compiling tower-http v0.6.11
   Compiling libp2p-tcp v0.44.1
   Compiling libp2p-mdns v0.48.0
   Compiling hyper-rustls v0.27.9
   Compiling rustls-platform-verifier v0.7.0
   Compiling ed25519 v3.0.0
   Compiling axum-core v0.5.6
   Compiling poly1305 v0.9.1
   Compiling libp2p-allow-block-list v0.6.0
   Compiling libp2p-connection-limits v0.6.0
   Compiling yasna v0.6.0
   Compiling pem v3.0.6
   Compiling aes v0.9.1
   Compiling ctr v0.10.1
   Compiling num-rational v0.4.2
   Compiling serde_path_to_error v0.1.20
   Compiling quick-xml v0.36.2
   Compiling der v0.7.10
   Compiling ff v0.13.1
   Compiling libloading v0.9.0
   Compiling keccak v0.2.0
   Compiling weezl v0.1.12
   Compiling webpki-roots v0.25.4
   Compiling matchit v0.8.4
   Compiling base16ct v1.0.0
   Compiling num_cpus v1.17.0
   Compiling twox-hash v2.1.3
   Compiling unsafe-libyaml v0.2.11
   Compiling http-range-header v0.4.2
   Compiling constant_time_eq v0.4.2
   Compiling sponge-cursor v0.1.0
   Compiling unicode-xid v0.2.6
   Compiling base16ct v0.2.0
   Compiling sec1 v0.7.3
   Compiling vibe v0.0.37 (/workspace/crates/vibe)
   Compiling sha3 v0.12.0
   Compiling serde_yaml v0.9.34+deprecated
   Compiling tower-http v0.7.0
   Compiling lz4_flex v0.13.1
   Compiling core_affinity v0.8.3
   Compiling lexical-core v0.7.6
   Compiling sec1 v0.8.1
   Compiling axum v0.8.9
   Compiling trust-dns-resolver v0.23.2
   Compiling qualia-cooperative-core v0.0.37 (/workspace/crates/qualia-cooperative-core)
   Compiling qualia-core-db v0.0.37 (/workspace/crates/qualia-core-db)
   Compiling group v0.13.0
   Compiling mp4 v0.14.0
   Compiling aes-gcm v0.11.0
   Compiling rcgen v0.14.8
   Compiling libp2p v0.56.0
   Compiling chacha20poly1305 v0.11.0
   Compiling ed25519-dalek v3.0.0
   Compiling reqwest v0.13.4
   Compiling sysinfo v0.39.6
   Compiling pkcs8 v0.11.0
   Compiling fhe v0.1.1
   Compiling jpeg-decoder v0.3.2
   Compiling serde-wasm-bindgen v0.6.5
   Compiling zstd v0.13.3
   Compiling web_atoms v0.2.5
   Compiling boringtun v0.7.1
   Compiling keyring v4.1.5
   Compiling ark-groth16 v0.6.0
   Compiling rusticata-macros v4.1.0
   Compiling ciborium v0.2.2
   Compiling argon2 v0.5.3
   Compiling tempfile v3.27.0
   Compiling string_cache v0.9.0
   Compiling x25519-dalek v3.0.0
   Compiling ark-bls12-381 v0.6.0
   Compiling png v0.17.16
   Compiling fips205 v0.4.1
   Compiling fips203 v0.4.3
   Compiling fips204 v0.4.6
   Compiling hkdf v0.13.0
   Compiling pbkdf2 v0.13.0
   Compiling rand_distr v0.6.0
   Compiling tokio-stream v0.1.19
   Compiling schannel v0.1.29
   Compiling serde_bytes v0.11.19
   Compiling atoi v3.1.0
   Compiling futures-intrusive v0.5.0
   Compiling crypto-bigint v0.5.5
   Compiling quick-xml v0.41.0
   Compiling arrayvec v0.5.2
   Compiling dtoa v1.0.11
   Compiling memmap2 v0.9.11
   Compiling once_cell_polyfill v1.70.2
   Compiling minicbor v2.2.3
   Compiling pollster v1.0.1
   Compiling fast_qr v0.13.1
   Compiling anstyle v1.0.14
   Compiling utf8parse v0.2.2
   Compiling urlencoding v2.1.3
   Compiling qualia-inference-kernel v0.0.37 (/workspace/crates/qualia-inference-kernel)
   Compiling qualia-audio v0.0.37 (/workspace/crates/qualia-audio)
   Compiling rtrb v0.3.4
   Compiling anstyle-parse v1.0.0
   Compiling anstyle-wincon v3.0.11
   Compiling dtoa-short v0.3.5
   Compiling asn1-rs v0.6.2
   Compiling nom v5.1.3
   Compiling elliptic-curve v0.13.8
   Compiling elliptic-curve v0.14.1
   Compiling libz-sys v1.1.29
   Compiling tendril v0.5.1
   Compiling headers-core v0.3.0
   Compiling rfc6979 v0.4.0
   Compiling anstyle-query v1.1.5
   Compiling nom v8.0.0
   Compiling byteorder-lite v0.1.0
   Compiling colorchoice v1.0.5
   Compiling unicode-properties v0.1.4
   Compiling pxfm v0.1.30
   Compiling color_quant v1.1.0
   Compiling is_terminal_polyfill v1.70.2
   Compiling zune-core v0.5.1
   Compiling pom v1.1.0
   Compiling quick-error v2.0.1
   Compiling image-webp v0.2.4
   Compiling moxcms v0.8.1
   Compiling zune-jpeg v0.5.15
   Compiling native-tls v0.2.18
   Compiling anstream v1.0.0
   Compiling gif v0.14.2
   Compiling oid-registry v0.7.1
   Compiling stringprep v0.1.5
   Compiling cssparser v0.37.0
   Compiling derive_more v2.1.1
   Compiling ecdsa v0.16.9
   Compiling headers v0.4.1
   Compiling selectors v0.38.0
   Compiling markup5ever v0.39.0
   Compiling wnaf v0.14.0
   Compiling primefield v0.14.0
   Compiling rfc6979 v0.6.0
   Compiling png v0.18.1
   Compiling cbc v0.1.2
   Compiling aes v0.8.4
   Compiling ecb v0.1.2
   Compiling hex-conservative v0.2.2
   Compiling servo_arc v0.4.3
   Compiling rangemap v1.7.1
   Compiling scoped-tls v1.0.1
   Compiling lazy_static v1.5.0
   Compiling ttf-parser v0.25.1
   Compiling warp v0.4.3
   Compiling lopdf v0.42.0
   Compiling libgit2-sys v0.18.5+1.9.4
   Compiling webizen-render v0.0.37 (/workspace/crates/webizen-render)
   Compiling bitcoin_hashes v0.14.101
   Compiling image v0.25.10
   Compiling imap-proto v0.10.2 (/workspace/vendor/imap-proto)
   Compiling ecdsa v0.17.0
   Compiling primeorder v0.14.0
   Compiling html5ever v0.39.0
   Compiling k256 v0.13.4
   Compiling type1-encoding-parser v0.1.1
   Compiling adobe-cmap-parser v0.4.1
   Compiling der-parser v9.0.0
   Compiling getopts v0.2.24
   Compiling email-encoding v0.4.1
   Compiling webpki-roots v1.0.9
   Compiling pbkdf2 v0.12.2
   Compiling euclid v0.20.14
   Compiling ripemd v0.1.3
   Compiling quoted_printable v0.5.2
   Compiling jiff-core v0.1.0
   Compiling base64 v0.13.1
   Compiling strsim v0.11.1
   Compiling postscript v0.14.1
   Compiling ego-tree v0.11.0
   Compiling ascii v1.1.0
   Compiling cff-parser v0.2.0
   Compiling clap_lex v1.1.0
   Compiling email_address v0.2.9
   Compiling bufstream v0.1.4
   Compiling chunked_transfer v1.5.0
   Compiling tiny_http v0.12.0
   Compiling imap v2.4.1
   Compiling lettre v0.11.22
   Compiling pdf-extract v0.12.0
   Compiling clap_builder v4.6.2
   Compiling scraper v0.27.0
   Compiling jiff v0.2.34
   Compiling bip32 v0.5.3
   Compiling x509-parser v0.16.0
   Compiling k256 v0.14.0
   Compiling bip39 v2.2.2
   Compiling rustls-native-certs v0.8.4
   Compiling tungstenite v0.30.0
   Compiling env_filter v2.0.0
   Compiling rustls-pemfile v2.2.0
   Compiling ripemd v0.2.0
   Compiling winreg v0.56.0
   Compiling bech32 v0.12.0
   Compiling qualia-cli v0.0.37 (/workspace/crates/qualia-cli)
   Compiling clap v4.6.4
   Compiling env_logger v0.11.11
   Compiling tokio-tungstenite v0.30.0
   Compiling git2 v0.21.0
   Compiling qualia-solid-bridge v0.0.37 (/workspace/crates/qualia-solid-bridge)
   Compiling qualia-vision v0.0.37 (/workspace/crates/qualia-vision)
   Compiling qualia-client-core v0.0.37 (/workspace/crates/qualia-client-core)
    Finished `release` profile [optimized] target(s) in 6m 39s
===== END 18-cli-windows-gnu-release rc=0 2026-09-08T14:27:09Z =====
