===== START 19-desktop-windows-gnu-check 2026-09-08T14:27:28Z =====
CMD: cargo check -p webizen-desktop --target x86_64-pc-windows-gnu
   Compiling proc-macro2 v1.0.107
   Compiling serde_core v1.0.229
    Checking log v0.4.33
   Compiling portable-atomic v1.14.0
   Compiling serde v1.0.229
    Checking windows-sys v0.61.2
    Checking once_cell v1.21.4
   Compiling quote v1.0.47
   Compiling syn v2.0.119
   Compiling syn v3.0.3
    Checking tracing-core v0.1.36
   Compiling getrandom v0.3.4
   Compiling synstructure v0.13.2
   Compiling semver v1.0.28
    Checking rand_core v0.9.5
   Compiling rustc_version v0.4.1
   Compiling serde_derive v1.0.229
   Compiling thiserror-impl v2.0.19
   Compiling zeroize_derive v1.5.0
    Checking zeroize v1.9.0
   Compiling zerocopy-derive v0.8.55
    Checking generic-array v0.14.7
    Checking crypto-common v0.1.7
   Compiling zerofrom-derive v0.1.7
    Checking zerocopy v0.8.55
   Compiling yoke-derive v0.8.2
   Compiling displaydoc v0.2.6
   Compiling zerovec-derive v0.11.3
    Checking block-buffer v0.10.4
    Checking digest v0.10.7
    Checking thiserror v2.0.19
   Compiling tracing-attributes v0.1.31
   Compiling futures-macro v0.3.33
    Checking socket2 v0.6.5
    Checking mio v1.2.2
   Compiling tokio-macros v2.7.1
    Checking futures-util v0.3.33
    Checking tracing v0.1.44
    Checking ppv-lite86 v0.2.21
    Checking tokio v1.53.1
    Checking zerofrom v0.1.8
    Checking yoke v0.8.3
   Compiling thiserror-impl v1.0.69
    Checking zerovec v0.11.6
    Checking rand_chacha v0.9.0
    Checking rand v0.9.5
    Checking tinystr v0.8.3
    Checking icu_locale_core v2.2.0
    Checking potential_utf v0.1.5
    Checking zerotrie v0.2.4
    Checking icu_collections v2.2.0
    Checking hybrid-array v0.4.13
    Checking bitflags v2.13.1
    Checking icu_provider v2.2.0
    Checking sha2 v0.10.9
    Checking crypto-common v0.2.2
    Checking icu_normalizer v2.2.0
    Checking icu_properties v2.2.0
    Checking thiserror v1.0.69
    Checking block-buffer v0.12.1
   Compiling winapi v0.3.9
   Compiling ident_case v1.0.1
   Compiling phf_macros v0.13.1
    Checking idna_adapter v1.2.2
   Compiling windows-implement v0.60.2
    Checking idna v1.1.0
    Checking url v2.5.8
   Compiling windows-interface v0.59.3
    Checking rand_chacha v0.3.1
    Checking rand v0.8.7
   Compiling smallvec v1.15.2
   Compiling serde_json v1.0.151
   Compiling string_cache_codegen v0.6.1
    Checking hmac v0.12.1
   Compiling web_atoms v0.2.5
   Compiling pin-project-internal v1.1.13
   Compiling async-trait v0.1.91
   Compiling typeid v1.0.3
    Checking futures-executor v0.3.33
   Compiling darling_core v0.23.0
    Checking regex-automata v0.4.16
    Checking futures v0.3.33
    Checking pin-project v1.1.13
   Compiling erased-serde v0.4.10
   Compiling time-macros v0.2.32
   Compiling derive_more-impl v2.1.1
    Checking deranged v0.5.8
    Checking digest v0.11.3
   Compiling darling_macro v0.23.0
    Checking hkdf v0.12.4
    Checking time v0.3.54
    Checking signature v2.2.0
   Compiling curve25519-dalek-derive v0.1.1
   Compiling anyhow v1.0.104
   Compiling icu_properties_data v2.2.0
   Compiling icu_normalizer_data v2.2.0
   Compiling parking_lot_core v0.9.12
   Compiling darling v0.23.0
   Compiling serde_with_macros v3.21.0
   Compiling phf v0.13.1
    Checking tokio-util v0.7.19
   Compiling bytemuck_derive v1.11.0
   Compiling zmij v1.0.23
   Compiling winnow v1.0.4
   Compiling getrandom v0.4.3
   Compiling toml_parser v1.1.2+spec-1.1.0
    Checking bytemuck v1.25.2
   Compiling parking_lot v0.12.5
    Checking winapi-util v0.1.11
   Compiling curve25519-dalek v4.1.3
   Compiling serde_spanned v1.1.1
   Compiling ctor-proc-macro v0.0.7
   Compiling string_cache v0.9.0
   Compiling percent-encoding v2.3.2
   Compiling form_urlencoded v1.2.2
   Compiling uuid v1.24.0
   Compiling selectors v0.36.1
    Checking rustls-pki-types v1.15.0
   Compiling cssparser-macros v0.6.1
   Compiling toml_datetime v1.1.1+spec-1.1.0
   Compiling indexmap v1.9.3
   Compiling camino v1.2.4
   Compiling cssparser v0.36.0
   Compiling toml v1.1.3+spec-1.1.0
   Compiling markup5ever v0.38.0
   Compiling derive_more v2.1.1
    Checking regex v1.13.1
    Checking block-padding v0.3.3
   Compiling serde_derive_internals v0.29.1
   Compiling bit-vec v0.8.0
   Compiling hashbrown v0.17.1
   Compiling schemars v0.8.22
   Compiling hashbrown v0.12.3
   Compiling indexmap v2.14.0
   Compiling schemars_derive v0.8.22
   Compiling bit-set v0.8.0
    Checking inout v0.1.4
   Compiling html5ever v0.38.0
   Compiling prost-derive v0.14.4
   Compiling cfb v0.7.3
   Compiling jsonptr v0.6.3
   Compiling cargo-platform v0.1.9
   Compiling foldhash v0.2.0
   Compiling dyn-clone v1.0.20
    Checking zlib-rs v0.6.6
   Compiling plist v1.10.0
    Checking prost v0.14.4
   Compiling cargo_metadata v0.19.2
    Checking flate2 v1.1.9
   Compiling dom_query v0.27.0
   Compiling json-patch v3.0.1
   Compiling infer v0.19.0
   Compiling urlpattern v0.3.0
   Compiling serde-untagged v0.1.9
    Checking cipher v0.4.4
   Compiling ctor v0.8.0
   Compiling serde_with v3.21.0
    Checking block-padding v0.4.2
    Checking sha1 v0.10.7
   Compiling data-encoding-macro-internal v0.1.18
    Checking inout v0.2.2
    Checking ed25519 v2.2.3
    Checking windows-core v0.62.2
    Checking bs58 v0.5.1
   Compiling match-lookup v0.1.2
    Checking windows-link v0.1.3
    Checking data-encoding-macro v0.1.20
    Checking ed25519-dalek v2.2.0
    Checking cipher v0.5.2
    Checking libp2p-identity v0.2.14
    Checking h2 v0.4.15
    Checking base256emoji v1.0.2
    Checking multistream-select v0.13.0
    Checking multibase v0.9.3
    Checking multiaddr v0.18.2
    Checking windows-future v0.3.2
    Checking windows-collections v0.3.2
   Compiling tauri-utils v2.9.3
    Checking windows-numerics v0.3.1
    Checking windows-result v0.3.4
    Checking windows-strings v0.4.2
    Checking rw-stream-sink v0.4.0
    Checking oxsdatatypes v0.2.2
    Checking windows-core v0.61.2
    Checking libp2p-core v0.43.2
    Checking oxrdf v0.3.3
    Checking aws-lc-rs v1.17.3
    Checking windows v0.62.2
    Checking md-5 v0.10.6
    Checking rustls-webpki v0.103.13
    Checking hyper v1.11.0
    Checking universal-hash v0.5.1
   Compiling enum-ordinalize-derive v4.4.1
   Compiling toml_datetime v0.7.5+spec-1.1.0
    Checking hyper-util v0.1.20
   Compiling typenum v1.20.1
   Compiling dirs-sys v0.5.0
   Compiling toml v0.9.12+spec-1.1.0
   Compiling enum-ordinalize v4.4.1
    Checking rustls v0.23.42
    Checking tower v0.5.3
    Checking windows-threading v0.1.0
    Checking pem-rfc7468 v0.7.0
   Compiling embed-resource v3.0.11
    Checking ark-std v0.6.0
    Checking half v2.7.1
    Checking quick-xml v0.37.5
   Compiling ark-serialize-derive v0.6.0
    Checking unicode-segmentation v1.13.3
    Checking naga-types v30.0.0
    Checking ark-serialize v0.6.0
   Compiling tauri-winres v0.3.6
    Checking der v0.7.10
    Checking windows-future v0.2.1
   Compiling ark-ff-macros v0.6.0
   Compiling cargo_toml v0.22.3
   Compiling educe v0.6.0
   Compiling dirs v6.0.0
    Checking windows-collections v0.2.0
    Checking windows-numerics v0.2.0
    Checking termcolor v1.4.1
    Checking aead v0.5.2
   Compiling ark-ff-asm v0.6.0
   Compiling slotmap v1.1.1
    Checking dioxus-core-types v0.8.0-alpha.1
    Checking konst_macro_rules v0.2.19
    Checking konst v0.2.20
   Compiling peg-macros v0.8.6
    Checking ark-ff v0.6.0
   Compiling const_format_proc_macros v0.2.34
    Checking codespan-reporting v0.13.1
    Checking windows v0.61.3
   Compiling tauri-build v2.6.3
    Checking spki v0.7.3
    Checking ahash v0.8.12
   Compiling tauri-plugin v2.6.3
    Checking tower-http v0.6.11
    Checking chacha20 v0.10.1
    Checking webrtc-util v0.17.2
    Checking sha2 v0.11.0
   Compiling libp2p-swarm-derive v0.35.1
   Compiling enum-as-inner v0.6.1
    Checking spirv v0.4.0+sdk-1.4.341.0
    Checking subsecond-types v0.8.0-alpha.1
    Checking chrono v0.4.45
    Checking option-ext v0.2.0
    Checking peg v0.8.6
    Checking dashmap v6.2.1
    Checking naga v30.0.0
    Checking subsecond v0.8.0-alpha.1
    Checking libp2p-swarm v0.47.1
    Checking ark-poly v0.6.0
    Checking pkcs8 v0.10.2
    Checking const_format v0.2.36
    Checking wgpu-types v30.0.0
    Checking keyboard-types v0.7.0
    Checking serde_urlencoded v0.7.1
    Checking num-complex v0.4.6
    Checking raw-cpuid v11.6.0
    Checking generational-box v0.8.0-alpha.1
    Checking ff v0.13.1
    Checking longest-increasing-subsequence v0.1.0
    Checking xxhash-rust v0.8.18
    Checking base16ct v0.2.0
    Checking sec1 v0.7.3
    Checking dioxus-core v0.8.0-alpha.1
    Checking wgpu-naga-bridge v30.0.0
    Checking group v0.13.0
    Checking spargebra v0.4.6
    Checking rand v0.10.2
   Compiling tauri v2.11.5
    Checking x25519-dalek v2.0.1
    Checking same-file v1.0.6
    Checking hmac v0.13.0
   Compiling webview2-com-sys v0.38.2
   Compiling crc32fast v1.5.0
    Checking universal-hash v0.6.1
    Checking dpi v0.1.2
    Checking crypto-bigint v0.5.5
   Compiling equator-macro v0.4.2
    Checking windows-version v0.1.7
    Checking unic-char-range v0.9.0
    Checking alloc-no-stdlib v2.0.4
    Checking unic-common v0.9.0
    Checking unic-ucd-version v0.9.0
   Compiling wasm-bindgen-macro-support v0.2.125
    Checking equator v0.4.2
    Checking alloc-stdlib v0.2.4
    Checking ipconfig v0.3.4
    Checking unic-char-property v0.9.0
    Checking oxjsonld v0.2.5
    Checking elliptic-curve v0.13.8
    Checking walkdir v2.5.0
    Checking sparopt v0.3.6
    Checking sparesults v0.3.3
    Checking hickory-proto v0.25.2
    Checking oxrdfxml v0.2.3
    Checking tokio-rustls v0.26.4
    Checking poly1305 v0.8.0
    Checking oxttl v0.2.3
    Checking chacha20 v0.9.1
    Checking aes v0.8.4
    Checking signature v3.0.0
    Checking asynchronous-codec v0.7.0
    Checking blake2 v0.10.6
    Checking if-addrs v0.15.0
    Checking schannel v0.1.29
   Compiling warnings-macro v0.2.0
   Compiling curve25519-dalek v5.0.0
   Compiling snow v0.9.6
   Compiling cookie v0.18.1
    Checking moka v0.12.15
    Checking gpu-allocator v0.28.0
    Checking if-watch v3.2.2
   Compiling convert_case v0.8.0
    Checking wgpu-hal v30.0.0
    Checking warnings v0.2.1
    Checking native-tls v0.2.18
    Checking rustls v0.21.12
    Checking oxrdfio v0.2.5
    Checking chacha20poly1305 v0.10.1
    Checking hyper-rustls v0.27.9
   Compiling wasm-bindgen-macro v0.2.125
    Checking spareval v0.2.6
    Checking pulp v0.21.5
    Checking unic-ucd-ident v0.9.0
    Checking num-bigint-dig v0.9.1
    Checking brotli-decompressor v5.0.3
    Checking wgpu-core-deps-windows-linux-android v30.0.0
    Checking aligned-vec v0.6.4
   Compiling syn v1.0.109
    Checking ark-ec v0.6.0
    Checking ark-relations v0.6.0
    Checking sha3 v0.10.9
    Checking png v0.18.1
    Checking rustls-platform-verifier v0.7.0
    Checking aes v0.9.1
    Checking futures-bounded v0.2.4
    Checking der v0.8.1
   Compiling darling_core v0.21.3
    Checking rfc6979 v0.4.0
   Compiling asn1-rs-derive v0.5.1
   Compiling asn1-rs-impl v0.2.0
   Compiling webview2-com-macros v0.8.1
   Compiling blake3 v1.8.5
   Compiling proc-macro2-diagnostics v0.10.1
    Checking toml_writer v1.1.2+spec-1.1.0
    Checking typewit v1.15.2
    Checking dunce v1.0.5
    Checking ring v0.16.20
    Checking const_panic v0.2.15
    Checking pulp v0.22.3
   Compiling png v0.17.16
    Checking csv v1.4.0
    Checking webview2-com v0.38.2
   Compiling darling_macro v0.21.3
    Checking asn1-rs v0.6.2
    Checking ecdsa v0.16.9
   Compiling derivative v2.2.0
    Checking reqwest v0.13.4
    Checking image v0.25.10
    Checking ark-snark v0.6.0
    Checking brotli v8.0.4
    Checking wasm-bindgen v0.2.125
    Checking tfhe-ntt v0.6.1
    Checking fhe-util v0.1.1
    Checking wgpu-core v30.0.0
    Checking oxigraph v0.5.9
    Checking tokio-rustls v0.24.1
    Checking dioxus-signals v0.8.0-alpha.1
    Checking ndarray v0.17.2
    Checking hickory-resolver v0.25.2
    Checking yamux v0.13.10
    Checking yamux v0.12.1
    Checking quick-protobuf-codec v0.3.1
    Checking polyval v0.7.3
    Checking merlin v3.0.0
    Checking crypto-bigint v0.7.5
    Checking aead v0.6.1
    Checking tungstenite v0.29.0
    Checking tokio-stream v0.1.19
    Checking fhe-traits v0.1.1
   Compiling const-serialize-macro v0.8.0-alpha.1
   Compiling ark-crypto-primitives-macros v0.5.0
    Checking keyring-core v1.0.0
    Checking constant_time_eq v0.4.2
   Compiling tauri-runtime v2.11.3
    Checking glob v0.3.4
    Checking hex v0.3.2
   Compiling wry v0.55.1
    Checking fhe-math v0.1.1
    Checking crypto-hash v0.3.4
    Checking wgpu v30.0.0
    Checking ciborium-ll v0.2.2
    Checking ark-crypto-primitives v0.6.0
    Checking windows-native-keyring-store v1.1.0
    Checking tokio-tungstenite v0.29.0
    Checking ghash v0.6.0
    Checking trust-dns-proto v0.23.2
    Checking libp2p-kad v0.48.0
    Checking libp2p-yamux v0.47.0
    Checking libp2p-dns v0.44.0
    Checking libp2p-noise v0.46.1
    Checking wellfare-core v0.0.37 (/workspace/crates/wellfare-core)
    Checking js-sys v0.3.102
   Compiling darling v0.21.3
   Compiling ico v0.5.0
    Checking assert_cfg v0.1.0
    Checking ntapi v0.4.3
    Checking tempfile v3.27.0
    Checking spki v0.8.0
    Checking libp2p-request-response v0.29.0
    Checking libp2p-tcp v0.44.1
    Checking libp2p-mdns v0.48.0
    Checking ed25519 v3.0.0
    Checking poly1305 v0.9.1
    Checking libp2p-allow-block-list v0.6.0
    Checking libp2p-connection-limits v0.6.0
    Checking axum-core v0.5.6
    Checking ctr v0.10.1
    Checking cbc v0.1.2
    Checking num-rational v0.4.2
    Checking yasna v0.6.0
   Compiling ptr_meta_derive v0.3.1
    Checking serde_path_to_error v0.1.20
    Checking librqbit-clone-to-owned v3.0.1
   Compiling tauri-runtime-wry v2.11.4
    Checking dioxus-cli-config v0.8.0-alpha.1
   Compiling windows_x86_64_gnu v0.53.1
    Checking crc-catalog v2.5.0
    Checking sha3 v0.12.0
    Checking crc v3.4.0
    Checking axum v0.8.9
    Checking trust-dns-resolver v0.23.2
    Checking serde-wasm-bindgen v0.6.5
    Checking core_affinity v0.8.3
    Checking qualia-cooperative-core v0.0.37 (/workspace/crates/qualia-cooperative-core)
    Checking serde_yaml v0.9.34+deprecated
    Checking sec1 v0.8.1
    Checking vibe v0.0.37 (/workspace/crates/vibe)
    Checking tower-http v0.7.0
    Checking librqbit-buffers v4.2.0
    Checking ptr_meta v0.3.1
    Checking rcgen v0.14.8
    Checking mp4 v0.14.0
    Checking argon2 v0.5.3
    Checking aes-gcm v0.11.0
    Checking libp2p v0.56.0
    Checking chacha20poly1305 v0.11.0
    Checking ed25519-dalek v3.0.0
    Checking sysinfo v0.39.6
    Checking pkcs8 v0.11.0
    Checking librqbit-sha1-wrapper v4.1.0
    Checking fhe v0.1.1
   Compiling dioxus-rsx v0.8.0-alpha.1
   Compiling tauri-codegen v2.6.3
   Compiling enumset_derive v0.15.0
    Checking ark-groth16 v0.6.0
    Checking oid-registry v0.7.1
    Checking keyring v4.1.5
    Checking ciborium v0.2.2
    Checking boringtun v0.7.1
    Checking x25519-dalek v3.0.0
    Checking der-parser v9.0.0
    Checking ark-bls12-381 v0.6.0
    Checking fips205 v0.4.1
    Checking fips204 v0.4.6
    Checking fips203 v0.4.3
    Checking tao v0.35.3
    Checking muda v0.19.3
    Checking pbkdf2 v0.13.0
    Checking hkdf v0.13.0
    Checking rand_distr v0.6.0
    Checking polyval v0.6.2
    Checking ctr v0.9.2
    Checking softbuffer v0.4.8
    Checking windows-sys v0.59.0
    Checking sha1 v0.11.0
   Compiling serialize-to-javascript-impl v0.1.2
    Checking serde_bytes v0.11.19
    Checking qualia-core-db v0.0.37 (/workspace/crates/qualia-core-db)
    Checking serialize-to-javascript v0.1.2
    Checking window-vibrancy v0.6.0
    Checking tray-icon v0.24.1
    Checking ghash v0.5.1
   Compiling tauri-macros v2.6.3
    Checking x509-parser v0.16.0
    Checking enumset v1.1.14
   Compiling dioxus-core-macro v0.8.0-alpha.1
    Checking librqbit-bencode v3.1.0
    Checking elliptic-curve v0.14.1
    Checking rancor v0.1.2
   Compiling const-serialize v0.8.0-alpha.1
    Checking dioxus-hooks v0.8.0-alpha.1
    Checking tokio-native-tls v0.3.1
   Compiling dioxus-html-internal-macro v0.8.0-alpha.1
    Checking directories v6.0.0
   Compiling tauri-plugin-fs v2.5.1
    Checking ecb v0.1.2
    Checking arc-swap v1.9.2
   Compiling bytecheck_derive v0.8.2
   Compiling cssparser-macros v0.7.0
   Compiling serde_repr v0.1.21
    Checking euclid v0.22.14
   Compiling num-complex v0.2.4
   Compiling num-rational v0.2.4
   Compiling radium v0.7.0
    Checking http-range v0.1.5
    Checking heck v0.5.0
   Compiling lazy-js-bundle v0.8.0-alpha.1
    Checking simdutf8 v0.1.5
    Checking anstyle-wincon v3.0.11
    Checking bytecheck v0.8.2
    Checking dioxus-html v0.8.0-alpha.1
   Compiling dioxus-document v0.8.0-alpha.1
    Checking lopdf v0.42.0
    Checking cssparser v0.37.0
    Checking headers v0.4.1
    Checking librqbit-core v5.0.0
    Checking hyper-tls v0.6.0
    Checking markup5ever v0.39.0
   Compiling manganis-core v0.8.0-alpha.1
    Checking windows-targets v0.53.5
    Checking aes-gcm v0.10.3
    Checking wnaf v0.14.0
    Checking primefield v0.14.0
    Checking rfc6979 v0.6.0
    Checking primeorder v0.13.6
    Checking rtp v0.17.2
    Checking sharded-slab v0.1.7
    Checking matchers v0.2.0
    Checking anstyle-query v1.1.5
   Compiling munge_macro v0.4.7
   Compiling macro-string v0.1.4
   Compiling network-interface v2.0.5
   Compiling substring v1.4.5
    Checking thread_local v1.1.10
    Checking jiff-tzdb v0.1.8
    Checking utf-8 v0.7.6
    Checking tap v1.0.1
    Checking winnow v0.7.15
   Compiling base16 v0.2.1
    Checking anstream v1.0.0
   Compiling dioxus-router-macro v0.8.0-alpha.1
    Checking wyz v0.5.1
    Checking pdf-extract v0.12.0
    Checking tungstenite v0.28.0
    Checking jiff-tzdb-platform v0.1.3
    Checking warp v0.4.3
    Checking tracing-subscriber v0.3.23
    Checking munge v0.4.7
    Checking selectors v0.38.0
   Compiling manganis-macro v0.8.0-alpha.1
    Checking ecdsa v0.17.0
    Checking primeorder v0.14.0
    Checking windows-sys v0.60.2
    Checking html5ever v0.39.0
    Checking reqwest v0.12.28
    Checking rend v0.5.4
    Checking stun v0.17.2
    Checking k256 v0.13.4
   Compiling dioxus-stores-macro v0.8.0-alpha.1
    Checking dioxus-history v0.8.0-alpha.1
    Checking dioxus-devtools-types v0.8.0-alpha.1
    Checking rtcp v0.17.2
   Compiling tauri-plugin-dialog v2.7.2
   Compiling tauri-plugin-notification v2.3.3
   Compiling tauri-plugin-updater v2.10.1
    Checking waitgroup v0.1.2
    Checking webpki-roots v1.0.9
    Checking windows-result v0.1.2
    Checking yasna v0.5.2
    Checking pbkdf2 v0.12.2
    Checking ripemd v0.1.3
   Compiling async-stream-impl v0.3.6
   Compiling rkyv_derive v0.8.17
    Checking instant v0.1.13
    Checking jiff-core v0.1.0
    Checking funty v2.0.0
   Compiling rfd v0.16.0
    Checking bumpalo v3.20.3
   Compiling rlimit v0.10.2
    Checking compression-core v0.4.32
   Compiling virtue v0.0.18
    Checking imap v2.4.1
    Checking clap_builder v4.6.2
    Checking rkyv v0.8.17
   Compiling bincode_derive v2.0.1
    Checking compression-codecs v0.4.38
    Checking scraper v0.27.0
    Checking zopfli v0.8.3
    Checking jiff v0.2.34
    Checking tiny_http v0.12.0
    Checking bitvec v1.1.1
    Checking lettre v0.11.22
    Checking backoff v0.4.0
    Checking bip32 v0.5.3
    Checking async-stream v0.3.6
    Checking rcgen v0.13.2
    Checking windows-core v0.54.0
    Checking webrtc-srtp v0.17.2
    Checking dioxus-stores v0.8.0-alpha.1
    Checking dioxus-devtools v0.8.0-alpha.1
    Checking dioxus-router v0.8.0-alpha.1
    Checking turn v0.17.2
    Checking num v0.2.1
    Checking manganis v0.8.0-alpha.1
    Checking k256 v0.14.0
    Checking bip39 v2.2.2
    Checking dioxus-logger v0.8.0-alpha.1
    Checking p256 v0.13.2
    Checking p384 v0.13.1
    Checking webrtc-sctp v0.17.2
    Checking ccm v0.5.0
    Checking tauri-winrt-notification v0.7.3
    Checking quanta v0.12.6
    Checking webrtc-mdns v0.17.2
    Checking ecb v0.2.0
    Checking cbc v0.2.1
    Checking rustls-pemfile v2.2.0
    Checking ripemd v0.2.0
    Checking md-5 v0.11.0
    Checking bstr v1.13.0
    Checking dirs-sys-next v0.1.2
   Compiling clap_derive v4.6.4
    Checking leaky-bucket v1.1.2
   Compiling librqbit v8.1.1
    Checking dioxus-asset-resolver v0.8.0-alpha.1
    Checking winreg v0.56.0
    Checking bincode v1.3.3
    Checking spinning_top v0.3.0
   Compiling dioxus-config-macro v0.8.0-alpha.1
    Checking generic-array v0.12.4
    Checking typed-path v0.12.3
    Checking weezl v0.2.1
    Checking dioxus-config-macros v0.8.0-alpha.1
   Compiling cpal v0.15.3
    Checking unty v0.0.4
    Checking nonzero_ext v0.3.0
    Checking governor v0.10.4
    Checking zip v8.6.0
    Checking bincode v2.0.1
    Checking clap v4.6.4
    Checking dioxus v0.8.0-alpha.1
    Checking lopdf v0.44.0
    Checking size_format v1.0.2
    Checking librqbit-peer-protocol v4.3.0
    Checking librqbit-upnp v1.0.0
    Checking librqbit-dht v5.3.1
    Checking dirs-next v2.0.0
    Checking webrtc-data v0.17.2
    Checking webrtc-ice v0.17.2
    Checking notify-rust v4.18.0
    Checking dtls v0.17.2
    Checking sdp v0.17.2
    Checking interceptor v0.17.2
    Checking windows v0.54.0
    Checking librqbit-tracker-comms v3.0.0
    Checking async-compression v0.4.42
    Checking webrtc-media v0.17.2
   Compiling webizen-desktop v0.0.37 (/workspace/crates/webizen-desktop)
    Checking zip v4.6.1
    Checking tokio-socks v0.5.3
    Checking smol_str v0.2.2
    Checking intervaltree v0.2.7
    Checking html-escape v0.2.14
    Checking minisign-verify v0.2.5
    Checking dasp_sample v0.11.0
    Checking qualia-semantic-library v0.0.37 (/workspace/crates/qualia-semantic-library)
    Checking webrtc v0.17.2
    Checking webizen-runtime v0.0.37 (/workspace/crates/webizen-runtime)
    Checking open v5.4.0
    Checking qualia-solid-bridge v0.0.37 (/workspace/crates/qualia-solid-bridge)
    Checking qualia-vision v0.0.37 (/workspace/crates/qualia-vision)
    Checking webizen-render v0.0.37 (/workspace/crates/webizen-render)
    Checking qualia-client-core v0.0.37 (/workspace/crates/qualia-client-core)
    Checking webizen-studio v0.0.37 (/workspace/crates/webizen-studio)
    Finished `dev` profile [unoptimized + debuginfo] target(s) in 1m 58s
===== END 19-desktop-windows-gnu-check rc=0 2026-09-08T14:29:26Z =====
