===== START 20-cli-macos-aarch64-check 2026-09-08T14:29:35Z =====
CMD: cargo check -p qualia-cli --target aarch64-apple-darwin
   Compiling libc v0.2.189
    Checking cfg-if v1.0.4
    Checking subtle v2.6.1
    Checking zeroize v1.9.0
    Checking typenum v1.20.1
   Compiling generic-array v0.14.7
    Checking memchr v2.8.3
    Checking const-oid v0.9.6
   Compiling portable-atomic v1.14.0
    Checking log v0.4.33
...
warning: ring@0.17.14: ToolExecError: command did not execute successfully (status code exit status: 1): LC_ALL="C" "cc" "-O0" "-ffunction-sections" "-fdata-sections" "-fPIC" "-g" "-gdwarf-2" "-fno-omit-frame-pointer" "--target=arm64-apple-macosx" "-mmacosx-version-min=11.0" "-I" "/usr/local/cargo/registry/src/index.crates.io-1949cf8c6b5b557f/ring-0.17.14/include" "-I" "/usr/local/cargo/registry/src/index.crates.io-1949cf8c6b5b557f/ring-0.17.14/pregenerated" "-Wall" "-Wextra" "-fvisibility=hidden" "-std=c1x" "-Wall" "-Wbad-function-cast" "-Wcast-align" "-Wcast-qual" "-Wconversion" "-Wmissing-field-initializers" "-Wmissing-include-dirs" "-Wnested-externs" "-Wredundant-decls" "-Wshadow" "-Wsign-compare" "-Wsign-conversion" "-Wstrict-prototypes" "-Wundef" "-Wuninitialized" "-gfull" "-DNDEBUG" "-o" "/workspace/target/aarch64-apple-darwin/debug/build/ring-ca40e20c5bb0013e/out/a0330e891e733f4e-p256-nistz.o" "-c" "/usr/local/cargo/registry/src/index.crates.io-1949cf8c6b5b557f/ring-0.17.14/crypto/fipsmodule/ec/p256-nistz.c"
error: failed to run custom build command for `ring v0.17.14`

Caused by:
  process didn't exit successfully: `/workspace/target/debug/build/ring-5ac4344124a73517/build-script-build` (exit status: 1)
...
  cargo:warning=In file included from /usr/lib/llvm-18/lib/clang/18/include/stdint.h:52:
  cargo:warning=/usr/include/stdint.h:26:10: fatal error: 'bits/libc-header-start.h' file not found
  cargo:warning=   26 | #include <bits/libc-header-start.h>
  cargo:warning=      |          ^~~~~~~~~~~~~~~~~~~~~~~~~~
  cargo:warning=1 error generated.
...
  exit status: 1
...
  cargo:warning=ToolExecError: command did not execute successfully (status code exit status: 1): LC_ALL="C" "cc" "-O0" "-ffunction-sections" "-fdata-sections" "-fPIC" "-g" "-gdwarf-2" "-fno-omit-frame-pointer" "--target=arm64-apple-macosx" "-mmacosx-version-min=11.0" "-I" "/usr/local/cargo/registry/src/index.crates.io-1949cf8c6b5b557f/ring-0.17.14/include" "-I" "/usr/local/cargo/registry/src/index.crates.io-1949cf8c6b5b557f/ring-0.17.14/pregenerated" "-Wall" "-Wextra" "-fvisibility=hidden" "-std=c1x" "-Wall" "-Wbad-function-cast" "-Wcast-align" "-Wcast-qual" "-Wconversion" "-Wmissing-field-initializers" "-Wmissing-include-dirs" "-Wnested-externs" "-Wredundant-decls" "-Wshadow" "-Wsign-compare" "-Wsign-conversion" "-Wstrict-prototypes" "-Wundef" "-Wuninitialized" "-gfull" "-DNDEBUG" "-o" "/workspace/target/aarch64-apple-darwin/debug/build/ring-ca40e20c5bb0013e/out/25ac62e5b3c53843-curve25519.o" "-c" "/usr/local/cargo/registry/src/index.crates.io-1949cf8c6b5b557f/ring-0.17.14/crypto/curve25519/curve25519.c"cargo:warning=In file included from /usr/local/cargo/registry/src/index.crates.io-1949cf8c6b5b557f/ring-0.17.14/crypto/fipsmodule/aes/aes_nohw.c:15:
  cargo:warning=In file included from /usr/local/cargo/registry/src/index.crates.io-1949cf8c6b5b557f/ring-0.17.14/include/ring-core/aes.h:18:
  cargo:warning=In file included from /usr/local/cargo/registry/src/index.crates.io-1949cf8c6b5b557f/ring-0.17.14/include/ring-core/base.h:26:
...
...
...
  cargo:warning=ToolExecError: command did not execute successfully (status code exit status: 1): LC_ALL="C" "cc" "-O0" "-ffunction-sections" "-fdata-sections" "-fPIC" "-g" "-gdwarf-2" "-fno-omit-frame-pointer" "--target=arm64-apple-macosx" "-mmacosx-version-min=11.0" "-I" "/usr/local/cargo/registry/src/index.crates.io-1949cf8c6b5b557f/ring-0.17.14/include" "-I" "/usr/local/cargo/registry/src/index.crates.io-1949cf8c6b5b557f/ring-0.17.14/pregenerated" "-Wall" "-Wextra" "-fvisibility=hidden" "-std=c1x" "-Wall" "-Wbad-function-cast" "-Wcast-align" "-Wcast-qual" "-Wconversion" "-Wmissing-field-initializers" "-Wmissing-include-dirs" "-Wnested-externs" "-Wredundant-decls" "-Wshadow" "-Wsign-compare" "-Wsign-conversion" "-Wstrict-prototypes" "-Wundef" "-Wuninitialized" "-gfull" "-DNDEBUG" "-o" "/workspace/target/aarch64-apple-darwin/debug/build/ring-ca40e20c5bb0013e/out/0bbbd18bda93c05b-aes_nohw.o" "-c" "/usr/local/cargo/registry/src/index.crates.io-1949cf8c6b5b557f/ring-0.17.14/crypto/fipsmodule/aes/aes_nohw.c"cargo:warning=In file included from /usr/local/cargo/registry/src/index.crates.io-1949cf8c6b5b557f/ring-0.17.14/crypto/fipsmodule/bn/montgomery.c:15:
  cargo:warning=In file included from /usr/local/cargo/registry/src/index.crates.io-1949cf8c6b5b557f/ring-0.17.14/crypto/fipsmodule/bn/internal.h:19:
...
...
...
  cargo:warning=ToolExecError: command did not execute successfully (status code exit status: 1): LC_ALL="C" "cc" "-O0" "-ffunction-sections" "-fdata-sections" "-fPIC" "-g" "-gdwarf-2" "-fno-omit-frame-pointer" "--target=arm64-apple-macosx" "-mmacosx-version-min=11.0" "-I" "/usr/local/cargo/registry/src/index.crates.io-1949cf8c6b5b557f/ring-0.17.14/include" "-I" "/usr/local/cargo/registry/src/index.crates.io-1949cf8c6b5b557f/ring-0.17.14/pregenerated" "-Wall" "-Wextra" "-fvisibility=hidden" "-std=c1x" "-Wall" "-Wbad-function-cast" "-Wcast-align" "-Wcast-qual" "-Wconversion" "-Wmissing-field-initializers" "-Wmissing-include-dirs" "-Wnested-externs" "-Wredundant-decls" "-Wshadow" "-Wsign-compare" "-Wsign-conversion" "-Wstrict-prototypes" "-Wundef" "-Wuninitialized" "-gfull" "-DNDEBUG" "-o" "/workspace/target/aarch64-apple-darwin/debug/build/ring-ca40e20c5bb0013e/out/00c879ee3285a50d-montgomery.o" "-c" "/usr/local/cargo/registry/src/index.crates.io-1949cf8c6b5b557f/ring-0.17.14/crypto/fipsmodule/bn/montgomery.c"cargo:warning=In file included from /usr/local/cargo/registry/src/index.crates.io-1949cf8c6b5b557f/ring-0.17.14/crypto/fipsmodule/bn/montgomery_inv.c:15:
...
...
...
  cargo:warning=ToolExecError: command did not execute successfully (status code exit status: 1): LC_ALL="C" "cc" "-O0" "-ffunction-sections" "-fdata-sections" "-fPIC" "-g" "-gdwarf-2" "-fno-omit-frame-pointer" "--target=arm64-apple-macosx" "-mmacosx-version-min=11.0" "-I" "/usr/local/cargo/registry/src/index.crates.io-1949cf8c6b5b557f/ring-0.17.14/include" "-I" "/usr/local/cargo/registry/src/index.crates.io-1949cf8c6b5b557f/ring-0.17.14/pregenerated" "-Wall" "-Wextra" "-fvisibility=hidden" "-std=c1x" "-Wall" "-Wbad-function-cast" "-Wcast-align" "-Wcast-qual" "-Wconversion" "-Wmissing-field-initializers" "-Wmissing-include-dirs" "-Wnested-externs" "-Wredundant-decls" "-Wshadow" "-Wsign-compare" "-Wsign-conversion" "-Wstrict-prototypes" "-Wundef" "-Wuninitialized" "-gfull" "-DNDEBUG" "-o" "/workspace/target/aarch64-apple-darwin/debug/build/ring-ca40e20c5bb0013e/out/00c879ee3285a50d-montgomery_inv.o" "-c" "/usr/local/cargo/registry/src/index.crates.io-1949cf8c6b5b557f/ring-0.17.14/crypto/fipsmodule/bn/montgomery_inv.c"cargo:warning=In file included from /usr/local/cargo/registry/src/index.crates.io-1949cf8c6b5b557f/ring-0.17.14/crypto/fipsmodule/ec/ecp_nistz.c:15:
  cargo:warning=In file included from /usr/local/cargo/registry/src/index.crates.io-1949cf8c6b5b557f/ring-0.17.14/crypto/fipsmodule/ec/ecp_nistz.h:18:
...
...
...
  cargo:warning=ToolExecError: command did not execute successfully (status code exit status: 1): LC_ALL="C" "cc" "-O0" "-ffunction-sections" "-fdata-sections" "-fPIC" "-g" "-gdwarf-2" "-fno-omit-frame-pointer" "--target=arm64-apple-macosx" "-mmacosx-version-min=11.0" "-I" "/usr/local/cargo/registry/src/index.crates.io-1949cf8c6b5b557f/ring-0.17.14/include" "-I" "/usr/local/cargo/registry/src/index.crates.io-1949cf8c6b5b557f/ring-0.17.14/pregenerated" "-Wall" "-Wextra" "-fvisibility=hidden" "-std=c1x" "-Wall" "-Wbad-function-cast" "-Wcast-align" "-Wcast-qual" "-Wconversion" "-Wmissing-field-initializers" "-Wmissing-include-dirs" "-Wnested-externs" "-Wredundant-decls" "-Wshadow" "-Wsign-compare" "-Wsign-conversion" "-Wstrict-prototypes" "-Wundef" "-Wuninitialized" "-gfull" "-DNDEBUG" "-o" "/workspace/target/aarch64-apple-darwin/debug/build/ring-ca40e20c5bb0013e/out/a0330e891e733f4e-ecp_nistz.o" "-c" "/usr/local/cargo/registry/src/index.crates.io-1949cf8c6b5b557f/ring-0.17.14/crypto/fipsmodule/ec/ecp_nistz.c"cargo:warning=In file included from /usr/local/cargo/registry/src/index.crates.io-1949cf8c6b5b557f/ring-0.17.14/crypto/fipsmodule/ec/gfp_p256.c:15:
  cargo:warning=In file included from /usr/local/cargo/registry/src/index.crates.io-1949cf8c6b5b557f/ring-0.17.14/crypto/fipsmodule/ec/./p256_shared.h:27:
...
...
...
  cargo:warning=ToolExecError: command did not execute successfully (status code exit status: 1): LC_ALL="C" "cc" "-O0" "-ffunction-sections" "-fdata-sections" "-fPIC" "-g" "-gdwarf-2" "-fno-omit-frame-pointer" "--target=arm64-apple-macosx" "-mmacosx-version-min=11.0" "-I" "/usr/local/cargo/registry/src/index.crates.io-1949cf8c6b5b557f/ring-0.17.14/include" "-I" "/usr/local/cargo/registry/src/index.crates.io-1949cf8c6b5b557f/ring-0.17.14/pregenerated" "-Wall" "-Wextra" "-fvisibility=hidden" "-std=c1x" "-Wall" "-Wbad-function-cast" "-Wcast-align" "-Wcast-qual" "-Wconversion" "-Wmissing-field-initializers" "-Wmissing-include-dirs" "-Wnested-externs" "-Wredundant-decls" "-Wshadow" "-Wsign-compare" "-Wsign-conversion" "-Wstrict-prototypes" "-Wundef" "-Wuninitialized" "-gfull" "-DNDEBUG" "-o" "/workspace/target/aarch64-apple-darwin/debug/build/ring-ca40e20c5bb0013e/out/a0330e891e733f4e-gfp_p256.o" "-c" "/usr/local/cargo/registry/src/index.crates.io-1949cf8c6b5b557f/ring-0.17.14/crypto/fipsmodule/ec/gfp_p256.c"cargo:warning=In file included from /usr/local/cargo/registry/src/index.crates.io-1949cf8c6b5b557f/ring-0.17.14/crypto/fipsmodule/ec/gfp_p384.c:15:
  cargo:warning=In file included from /usr/local/cargo/registry/src/index.crates.io-1949cf8c6b5b557f/ring-0.17.14/crypto/fipsmodule/ec/../../limbs/limbs.h:18:
...
...
...
  cargo:warning=ToolExecError: command did not execute successfully (status code exit status: 1): LC_ALL="C" "cc" "-O0" "-ffunction-sections" "-fdata-sections" "-fPIC" "-g" "-gdwarf-2" "-fno-omit-frame-pointer" "--target=arm64-apple-macosx" "-mmacosx-version-min=11.0" "-I" "/usr/local/cargo/registry/src/index.crates.io-1949cf8c6b5b557f/ring-0.17.14/include" "-I" "/usr/local/cargo/registry/src/index.crates.io-1949cf8c6b5b557f/ring-0.17.14/pregenerated" "-Wall" "-Wextra" "-fvisibility=hidden" "-std=c1x" "-Wall" "-Wbad-function-cast" "-Wcast-align" "-Wcast-qual" "-Wconversion" "-Wmissing-field-initializers" "-Wmissing-include-dirs" "-Wnested-externs" "-Wredundant-decls" "-Wshadow" "-Wsign-compare" "-Wsign-conversion" "-Wstrict-prototypes" "-Wundef" "-Wuninitialized" "-gfull" "-DNDEBUG" "-o" "/workspace/target/aarch64-apple-darwin/debug/build/ring-ca40e20c5bb0013e/out/a0330e891e733f4e-gfp_p384.o" "-c" "/usr/local/cargo/registry/src/index.crates.io-1949cf8c6b5b557f/ring-0.17.14/crypto/fipsmodule/ec/gfp_p384.c"cargo:warning=In file included from /usr/local/cargo/registry/src/index.crates.io-1949cf8c6b5b557f/ring-0.17.14/crypto/fipsmodule/ec/p256.c:19:
...
...
...
  cargo:warning=ToolExecError: command did not execute successfully (status code exit status: 1): LC_ALL="C" "cc" "-O0" "-ffunction-sections" "-fdata-sections" "-fPIC" "-g" "-gdwarf-2" "-fno-omit-frame-pointer" "--target=arm64-apple-macosx" "-mmacosx-version-min=11.0" "-I" "/usr/local/cargo/registry/src/index.crates.io-1949cf8c6b5b557f/ring-0.17.14/include" "-I" "/usr/local/cargo/registry/src/index.crates.io-1949cf8c6b5b557f/ring-0.17.14/pregenerated" "-Wall" "-Wextra" "-fvisibility=hidden" "-std=c1x" "-Wall" "-Wbad-function-cast" "-Wcast-align" "-Wcast-qual" "-Wconversion" "-Wmissing-field-initializers" "-Wmissing-include-dirs" "-Wnested-externs" "-Wredundant-decls" "-Wshadow" "-Wsign-compare" "-Wsign-conversion" "-Wstrict-prototypes" "-Wundef" "-Wuninitialized" "-gfull" "-DNDEBUG" "-o" "/workspace/target/aarch64-apple-darwin/debug/build/ring-ca40e20c5bb0013e/out/a0330e891e733f4e-p256.o" "-c" "/usr/local/cargo/registry/src/index.crates.io-1949cf8c6b5b557f/ring-0.17.14/crypto/fipsmodule/ec/p256.c"cargo:warning=In file included from /usr/local/cargo/registry/src/index.crates.io-1949cf8c6b5b557f/ring-0.17.14/crypto/limbs/limbs.c:15:
  cargo:warning=In file included from /usr/local/cargo/registry/src/index.crates.io-1949cf8c6b5b557f/ring-0.17.14/crypto/limbs/limbs.h:18:
...
...
...
  cargo:warning=ToolExecError: command did not execute successfully (status code exit status: 1): LC_ALL="C" "cc" "-O0" "-ffunction-sections" "-fdata-sections" "-fPIC" "-g" "-gdwarf-2" "-fno-omit-frame-pointer" "--target=arm64-apple-macosx" "-mmacosx-version-min=11.0" "-I" "/usr/local/cargo/registry/src/index.crates.io-1949cf8c6b5b557f/ring-0.17.14/include" "-I" "/usr/local/cargo/registry/src/index.crates.io-1949cf8c6b5b557f/ring-0.17.14/pregenerated" "-Wall" "-Wextra" "-fvisibility=hidden" "-std=c1x" "-Wall" "-Wbad-function-cast" "-Wcast-align" "-Wcast-qual" "-Wconversion" "-Wmissing-field-initializers" "-Wmissing-include-dirs" "-Wnested-externs" "-Wredundant-decls" "-Wshadow" "-Wsign-compare" "-Wsign-conversion" "-Wstrict-prototypes" "-Wundef" "-Wuninitialized" "-gfull" "-DNDEBUG" "-o" "/workspace/target/aarch64-apple-darwin/debug/build/ring-ca40e20c5bb0013e/out/aaa1ba3e455ee2e1-limbs.o" "-c" "/usr/local/cargo/registry/src/index.crates.io-1949cf8c6b5b557f/ring-0.17.14/crypto/limbs/limbs.c"cargo:warning=In file included from /usr/local/cargo/registry/src/index.crates.io-1949cf8c6b5b557f/ring-0.17.14/crypto/mem.c:15:
  cargo:warning=In file included from /usr/local/cargo/registry/src/index.crates.io-1949cf8c6b5b557f/ring-0.17.14/include/ring-core/mem.h:18:
...
...
...
  cargo:warning=ToolExecError: command did not execute successfully (status code exit status: 1): LC_ALL="C" "cc" "-O0" "-ffunction-sections" "-fdata-sections" "-fPIC" "-g" "-gdwarf-2" "-fno-omit-frame-pointer" "--target=arm64-apple-macosx" "-mmacosx-version-min=11.0" "-I" "/usr/local/cargo/registry/src/index.crates.io-1949cf8c6b5b557f/ring-0.17.14/include" "-I" "/usr/local/cargo/registry/src/index.crates.io-1949cf8c6b5b557f/ring-0.17.14/pregenerated" "-Wall" "-Wextra" "-fvisibility=hidden" "-std=c1x" "-Wall" "-Wbad-function-cast" "-Wcast-align" "-Wcast-qual" "-Wconversion" "-Wmissing-field-initializers" "-Wmissing-include-dirs" "-Wnested-externs" "-Wredundant-decls" "-Wshadow" "-Wsign-compare" "-Wsign-conversion" "-Wstrict-prototypes" "-Wundef" "-Wuninitialized" "-gfull" "-DNDEBUG" "-o" "/workspace/target/aarch64-apple-darwin/debug/build/ring-ca40e20c5bb0013e/out/a4019cc0736b0423-mem.o" "-c" "/usr/local/cargo/registry/src/index.crates.io-1949cf8c6b5b557f/ring-0.17.14/crypto/mem.c"cargo:warning=In file included from /usr/local/cargo/registry/src/index.crates.io-1949cf8c6b5b557f/ring-0.17.14/crypto/poly1305/poly1305.c:19:
...
...
...
  cargo:warning=ToolExecError: command did not execute successfully (status code exit status: 1): LC_ALL="C" "cc" "-O0" "-ffunction-sections" "-fdata-sections" "-fPIC" "-g" "-gdwarf-2" "-fno-omit-frame-pointer" "--target=arm64-apple-macosx" "-mmacosx-version-min=11.0" "-I" "/usr/local/cargo/registry/src/index.crates.io-1949cf8c6b5b557f/ring-0.17.14/include" "-I" "/usr/local/cargo/registry/src/index.crates.io-1949cf8c6b5b557f/ring-0.17.14/pregenerated" "-Wall" "-Wextra" "-fvisibility=hidden" "-std=c1x" "-Wall" "-Wbad-function-cast" "-Wcast-align" "-Wcast-qual" "-Wconversion" "-Wmissing-field-initializers" "-Wmissing-include-dirs" "-Wnested-externs" "-Wredundant-decls" "-Wshadow" "-Wsign-compare" "-Wsign-conversion" "-Wstrict-prototypes" "-Wundef" "-Wuninitialized" "-gfull" "-DNDEBUG" "-o" "/workspace/target/aarch64-apple-darwin/debug/build/ring-ca40e20c5bb0013e/out/d5a9841f3dc6e253-poly1305.o" "-c" "/usr/local/cargo/registry/src/index.crates.io-1949cf8c6b5b557f/ring-0.17.14/crypto/poly1305/poly1305.c"cargo:warning=In file included from /usr/local/cargo/registry/src/index.crates.io-1949cf8c6b5b557f/ring-0.17.14/crypto/fipsmodule/ec/p256-nistz.c:24:
...
...
...
  cargo:warning=ToolExecError: command did not execute successfully (status code exit status: 1): LC_ALL="C" "cc" "-O0" "-ffunction-sections" "-fdata-sections" "-fPIC" "-g" "-gdwarf-2" "-fno-omit-frame-pointer" "--target=arm64-apple-macosx" "-mmacosx-version-min=11.0" "-I" "/usr/local/cargo/registry/src/index.crates.io-1949cf8c6b5b557f/ring-0.17.14/include" "-I" "/usr/local/cargo/registry/src/index.crates.io-1949cf8c6b5b557f/ring-0.17.14/pregenerated" "-Wall" "-Wextra" "-fvisibility=hidden" "-std=c1x" "-Wall" "-Wbad-function-cast" "-Wcast-align" "-Wcast-qual" "-Wconversion" "-Wmissing-field-initializers" "-Wmissing-include-dirs" "-Wnested-externs" "-Wredundant-decls" "-Wshadow" "-Wsign-compare" "-Wsign-conversion" "-Wstrict-prototypes" "-Wundef" "-Wuninitialized" "-gfull" "-DNDEBUG" "-o" "/workspace/target/aarch64-apple-darwin/debug/build/ring-ca40e20c5bb0013e/out/a0330e891e733f4e-p256-nistz.o" "-c" "/usr/local/cargo/registry/src/index.crates.io-1949cf8c6b5b557f/ring-0.17.14/crypto/fipsmodule/ec/p256-nistz.c"
